Archive member included to satisfy reference by file (symbol)

C:\Users\ishrak\Documents\Atmel Studio\7.0\lcrystalarduino\lcrystalarduino\ArduinoCore\Debug\libArduinoCore.a(main.o)
                              C:/Datasoft/7.0/Packs/atmel/ATmega_DFP/1.1.130/gcc/dev/atmega328p/avr5/crtatmega328p.o (main)
C:\Users\ishrak\Documents\Atmel Studio\7.0\lcrystalarduino\lcrystalarduino\ArduinoCore\Debug\libArduinoCore.a(Print.o)
                              Sketch.o (_ZN5Print5printEPKc)
C:\Users\ishrak\Documents\Atmel Studio\7.0\lcrystalarduino\lcrystalarduino\ArduinoCore\Debug\libArduinoCore.a(wiring.o)
                              Sketch.o (delay)
C:\Users\ishrak\Documents\Atmel Studio\7.0\lcrystalarduino\lcrystalarduino\ArduinoCore\Debug\libArduinoCore.a(LiquidCrystal.o)
                              Sketch.o (_ZN13LiquidCrystal5beginEhhh)
C:\Users\ishrak\Documents\Atmel Studio\7.0\lcrystalarduino\lcrystalarduino\ArduinoCore\Debug\libArduinoCore.a(abi.o)
                              C:\Users\ishrak\Documents\Atmel Studio\7.0\lcrystalarduino\lcrystalarduino\ArduinoCore\Debug\libArduinoCore.a(Print.o) (__cxa_pure_virtual)
C:\Users\ishrak\Documents\Atmel Studio\7.0\lcrystalarduino\lcrystalarduino\ArduinoCore\Debug\libArduinoCore.a(hooks.o)
                              C:\Users\ishrak\Documents\Atmel Studio\7.0\lcrystalarduino\lcrystalarduino\ArduinoCore\Debug\libArduinoCore.a(wiring.o) (yield)
C:\Users\ishrak\Documents\Atmel Studio\7.0\lcrystalarduino\lcrystalarduino\ArduinoCore\Debug\libArduinoCore.a(wiring_digital.o)
                              C:\Users\ishrak\Documents\Atmel Studio\7.0\lcrystalarduino\lcrystalarduino\ArduinoCore\Debug\libArduinoCore.a(LiquidCrystal.o) (pinMode)
c:/datasoft/7.0/toolchain/avr8/avr8-gnu-toolchain/bin/../lib/gcc/avr/4.9.2/../../../../avr/lib/avr5\libm.a(addsf3.o)
                              C:\Users\ishrak\Documents\Atmel Studio\7.0\lcrystalarduino\lcrystalarduino\ArduinoCore\Debug\libArduinoCore.a(Print.o) (__subsf3)
c:/datasoft/7.0/toolchain/avr8/avr8-gnu-toolchain/bin/../lib/gcc/avr/4.9.2/../../../../avr/lib/avr5\libm.a(addsf3x.o)
                              c:/datasoft/7.0/toolchain/avr8/avr8-gnu-toolchain/bin/../lib/gcc/avr/4.9.2/../../../../avr/lib/avr5\libm.a(addsf3.o) (__addsf3x)
c:/datasoft/7.0/toolchain/avr8/avr8-gnu-toolchain/bin/../lib/gcc/avr/4.9.2/../../../../avr/lib/avr5\libm.a(cmpsf2.o)
                              C:\Users\ishrak\Documents\Atmel Studio\7.0\lcrystalarduino\lcrystalarduino\ArduinoCore\Debug\libArduinoCore.a(Print.o) (__ltsf2)
c:/datasoft/7.0/toolchain/avr8/avr8-gnu-toolchain/bin/../lib/gcc/avr/4.9.2/../../../../avr/lib/avr5\libm.a(divsf3.o)
                              C:\Users\ishrak\Documents\Atmel Studio\7.0\lcrystalarduino\lcrystalarduino\ArduinoCore\Debug\libArduinoCore.a(Print.o) (__divsf3)
c:/datasoft/7.0/toolchain/avr8/avr8-gnu-toolchain/bin/../lib/gcc/avr/4.9.2/../../../../avr/lib/avr5\libm.a(divsf3x.o)
                              c:/datasoft/7.0/toolchain/avr8/avr8-gnu-toolchain/bin/../lib/gcc/avr/4.9.2/../../../../avr/lib/avr5\libm.a(divsf3.o) (__divsf3x)
c:/datasoft/7.0/toolchain/avr8/avr8-gnu-toolchain/bin/../lib/gcc/avr/4.9.2/../../../../avr/lib/avr5\libm.a(fixunssfsi.o)
                              C:\Users\ishrak\Documents\Atmel Studio\7.0\lcrystalarduino\lcrystalarduino\ArduinoCore\Debug\libArduinoCore.a(Print.o) (__fixunssfsi)
c:/datasoft/7.0/toolchain/avr8/avr8-gnu-toolchain/bin/../lib/gcc/avr/4.9.2/../../../../avr/lib/avr5\libm.a(floatsisf.o)
                              C:\Users\ishrak\Documents\Atmel Studio\7.0\lcrystalarduino\lcrystalarduino\ArduinoCore\Debug\libArduinoCore.a(Print.o) (__floatunsisf)
c:/datasoft/7.0/toolchain/avr8/avr8-gnu-toolchain/bin/../lib/gcc/avr/4.9.2/../../../../avr/lib/avr5\libm.a(fp_cmp.o)
                              c:/datasoft/7.0/toolchain/avr8/avr8-gnu-toolchain/bin/../lib/gcc/avr/4.9.2/../../../../avr/lib/avr5\libm.a(cmpsf2.o) (__fp_cmp)
c:/datasoft/7.0/toolchain/avr8/avr8-gnu-toolchain/bin/../lib/gcc/avr/4.9.2/../../../../avr/lib/avr5\libm.a(fp_inf.o)
                              c:/datasoft/7.0/toolchain/avr8/avr8-gnu-toolchain/bin/../lib/gcc/avr/4.9.2/../../../../avr/lib/avr5\libm.a(addsf3x.o) (__fp_inf)
c:/datasoft/7.0/toolchain/avr8/avr8-gnu-toolchain/bin/../lib/gcc/avr/4.9.2/../../../../avr/lib/avr5\libm.a(fp_nan.o)
                              c:/datasoft/7.0/toolchain/avr8/avr8-gnu-toolchain/bin/../lib/gcc/avr/4.9.2/../../../../avr/lib/avr5\libm.a(addsf3x.o) (__fp_nan)
c:/datasoft/7.0/toolchain/avr8/avr8-gnu-toolchain/bin/../lib/gcc/avr/4.9.2/../../../../avr/lib/avr5\libm.a(fp_pscA.o)
                              c:/datasoft/7.0/toolchain/avr8/avr8-gnu-toolchain/bin/../lib/gcc/avr/4.9.2/../../../../avr/lib/avr5\libm.a(addsf3x.o) (__fp_pscA)
c:/datasoft/7.0/toolchain/avr8/avr8-gnu-toolchain/bin/../lib/gcc/avr/4.9.2/../../../../avr/lib/avr5\libm.a(fp_pscB.o)
                              c:/datasoft/7.0/toolchain/avr8/avr8-gnu-toolchain/bin/../lib/gcc/avr/4.9.2/../../../../avr/lib/avr5\libm.a(addsf3x.o) (__fp_pscB)
c:/datasoft/7.0/toolchain/avr8/avr8-gnu-toolchain/bin/../lib/gcc/avr/4.9.2/../../../../avr/lib/avr5\libm.a(fp_round.o)
                              c:/datasoft/7.0/toolchain/avr8/avr8-gnu-toolchain/bin/../lib/gcc/avr/4.9.2/../../../../avr/lib/avr5\libm.a(addsf3.o) (__fp_round)
c:/datasoft/7.0/toolchain/avr8/avr8-gnu-toolchain/bin/../lib/gcc/avr/4.9.2/../../../../avr/lib/avr5\libm.a(fp_split3.o)
                              c:/datasoft/7.0/toolchain/avr8/avr8-gnu-toolchain/bin/../lib/gcc/avr/4.9.2/../../../../avr/lib/avr5\libm.a(addsf3x.o) (__fp_split3)
c:/datasoft/7.0/toolchain/avr8/avr8-gnu-toolchain/bin/../lib/gcc/avr/4.9.2/../../../../avr/lib/avr5\libm.a(fp_zero.o)
                              c:/datasoft/7.0/toolchain/avr8/avr8-gnu-toolchain/bin/../lib/gcc/avr/4.9.2/../../../../avr/lib/avr5\libm.a(addsf3x.o) (__fp_zero)
c:/datasoft/7.0/toolchain/avr8/avr8-gnu-toolchain/bin/../lib/gcc/avr/4.9.2/../../../../avr/lib/avr5\libm.a(gesf2.o)
                              C:\Users\ishrak\Documents\Atmel Studio\7.0\lcrystalarduino\lcrystalarduino\ArduinoCore\Debug\libArduinoCore.a(Print.o) (__gtsf2)
c:/datasoft/7.0/toolchain/avr8/avr8-gnu-toolchain/bin/../lib/gcc/avr/4.9.2/../../../../avr/lib/avr5\libm.a(mulsf3.o)
                              C:\Users\ishrak\Documents\Atmel Studio\7.0\lcrystalarduino\lcrystalarduino\ArduinoCore\Debug\libArduinoCore.a(Print.o) (__mulsf3)
c:/datasoft/7.0/toolchain/avr8/avr8-gnu-toolchain/bin/../lib/gcc/avr/4.9.2/../../../../avr/lib/avr5\libm.a(mulsf3x.o)
                              c:/datasoft/7.0/toolchain/avr8/avr8-gnu-toolchain/bin/../lib/gcc/avr/4.9.2/../../../../avr/lib/avr5\libm.a(mulsf3.o) (__mulsf3x)
c:/datasoft/7.0/toolchain/avr8/avr8-gnu-toolchain/bin/../lib/gcc/avr/4.9.2/../../../../avr/lib/avr5\libm.a(unordsf2.o)
                              C:\Users\ishrak\Documents\Atmel Studio\7.0\lcrystalarduino\lcrystalarduino\ArduinoCore\Debug\libArduinoCore.a(Print.o) (__unordsf2)
c:/datasoft/7.0/toolchain/avr8/avr8-gnu-toolchain/bin/../lib/gcc/avr/4.9.2/avr5\libgcc.a(_udivmodsi4.o)
                              C:\Users\ishrak\Documents\Atmel Studio\7.0\lcrystalarduino\lcrystalarduino\ArduinoCore\Debug\libArduinoCore.a(Print.o) (__udivmodsi4)
c:/datasoft/7.0/toolchain/avr8/avr8-gnu-toolchain/bin/../lib/gcc/avr/4.9.2/avr5\libgcc.a(_exit.o)
                              C:/Datasoft/7.0/Packs/atmel/ATmega_DFP/1.1.130/gcc/dev/atmega328p/avr5/crtatmega328p.o (exit)
c:/datasoft/7.0/toolchain/avr8/avr8-gnu-toolchain/bin/../lib/gcc/avr/4.9.2/avr5\libgcc.a(_copy_data.o)
                              Sketch.o (__do_copy_data)
c:/datasoft/7.0/toolchain/avr8/avr8-gnu-toolchain/bin/../lib/gcc/avr/4.9.2/avr5\libgcc.a(_clear_bss.o)
                              Sketch.o (__do_clear_bss)
c:/datasoft/7.0/toolchain/avr8/avr8-gnu-toolchain/bin/../lib/gcc/avr/4.9.2/avr5\libgcc.a(_ctors.o)
                              Sketch.o (__do_global_ctors)
c:/datasoft/7.0/toolchain/avr8/avr8-gnu-toolchain/bin/../lib/gcc/avr/4.9.2/avr5\libgcc.a(_tablejump2.o)
                              c:/datasoft/7.0/toolchain/avr8/avr8-gnu-toolchain/bin/../lib/gcc/avr/4.9.2/avr5\libgcc.a(_ctors.o) (__tablejump2__)
c:/datasoft/7.0/toolchain/avr8/avr8-gnu-toolchain/bin/../lib/gcc/avr/4.9.2/../../../../avr/lib/avr5\libc.a(abort.o)
                              C:\Users\ishrak\Documents\Atmel Studio\7.0\lcrystalarduino\lcrystalarduino\ArduinoCore\Debug\libArduinoCore.a(abi.o) (abort)

Discarded input sections

 .data          0x00000000        0x0 C:/Datasoft/7.0/Packs/atmel/ATmega_DFP/1.1.130/gcc/dev/atmega328p/avr5/crtatmega328p.o
 .bss           0x00000000        0x0 C:/Datasoft/7.0/Packs/atmel/ATmega_DFP/1.1.130/gcc/dev/atmega328p/avr5/crtatmega328p.o
 .text          0x00000000        0x0 Sketch.o
 .data          0x00000000        0x0 Sketch.o
 .bss           0x00000000        0x0 Sketch.o
 .text          0x00000000        0x0 C:\Users\ishrak\Documents\Atmel Studio\7.0\lcrystalarduino\lcrystalarduino\ArduinoCore\Debug\libArduinoCore.a(main.o)
 .data          0x00000000        0x0 C:\Users\ishrak\Documents\Atmel Studio\7.0\lcrystalarduino\lcrystalarduino\ArduinoCore\Debug\libArduinoCore.a(main.o)
 .bss           0x00000000        0x0 C:\Users\ishrak\Documents\Atmel Studio\7.0\lcrystalarduino\lcrystalarduino\ArduinoCore\Debug\libArduinoCore.a(main.o)
 .text.atexit   0x00000000        0x6 C:\Users\ishrak\Documents\Atmel Studio\7.0\lcrystalarduino\lcrystalarduino\ArduinoCore\Debug\libArduinoCore.a(main.o)
 .text._Z8setupUSBv
                0x00000000        0x2 C:\Users\ishrak\Documents\Atmel Studio\7.0\lcrystalarduino\lcrystalarduino\ArduinoCore\Debug\libArduinoCore.a(main.o)
 .group         0x00000000        0x8 C:\Users\ishrak\Documents\Atmel Studio\7.0\lcrystalarduino\lcrystalarduino\ArduinoCore\Debug\libArduinoCore.a(Print.o)
 .group         0x00000000        0x8 C:\Users\ishrak\Documents\Atmel Studio\7.0\lcrystalarduino\lcrystalarduino\ArduinoCore\Debug\libArduinoCore.a(Print.o)
 .group         0x00000000        0x8 C:\Users\ishrak\Documents\Atmel Studio\7.0\lcrystalarduino\lcrystalarduino\ArduinoCore\Debug\libArduinoCore.a(Print.o)
 .group         0x00000000        0x8 C:\Users\ishrak\Documents\Atmel Studio\7.0\lcrystalarduino\lcrystalarduino\ArduinoCore\Debug\libArduinoCore.a(Print.o)
 .text          0x00000000        0x0 C:\Users\ishrak\Documents\Atmel Studio\7.0\lcrystalarduino\lcrystalarduino\ArduinoCore\Debug\libArduinoCore.a(Print.o)
 .data          0x00000000        0x0 C:\Users\ishrak\Documents\Atmel Studio\7.0\lcrystalarduino\lcrystalarduino\ArduinoCore\Debug\libArduinoCore.a(Print.o)
 .bss           0x00000000        0x0 C:\Users\ishrak\Documents\Atmel Studio\7.0\lcrystalarduino\lcrystalarduino\ArduinoCore\Debug\libArduinoCore.a(Print.o)
 .text._ZN5Print5printEPK19__FlashStringHelper
                0x00000000       0x48 C:\Users\ishrak\Documents\Atmel Studio\7.0\lcrystalarduino\lcrystalarduino\ArduinoCore\Debug\libArduinoCore.a(Print.o)
 .text._ZN5Print5printERK6String
                0x00000000       0x1c C:\Users\ishrak\Documents\Atmel Studio\7.0\lcrystalarduino\lcrystalarduino\ArduinoCore\Debug\libArduinoCore.a(Print.o)
 .text._ZN5Print5printEc
                0x00000000        0xe C:\Users\ishrak\Documents\Atmel Studio\7.0\lcrystalarduino\lcrystalarduino\ArduinoCore\Debug\libArduinoCore.a(Print.o)
 .text._ZN5Print5printERK9Printable
                0x00000000       0x14 C:\Users\ishrak\Documents\Atmel Studio\7.0\lcrystalarduino\lcrystalarduino\ArduinoCore\Debug\libArduinoCore.a(Print.o)
 .rodata.str1.1
                0x00000000        0xf C:\Users\ishrak\Documents\Atmel Studio\7.0\lcrystalarduino\lcrystalarduino\ArduinoCore\Debug\libArduinoCore.a(Print.o)
 .text._ZN5Print7printlnEv
                0x00000000        0x8 C:\Users\ishrak\Documents\Atmel Studio\7.0\lcrystalarduino\lcrystalarduino\ArduinoCore\Debug\libArduinoCore.a(Print.o)
 .text._ZN5Print7printlnEPK19__FlashStringHelper
                0x00000000       0x24 C:\Users\ishrak\Documents\Atmel Studio\7.0\lcrystalarduino\lcrystalarduino\ArduinoCore\Debug\libArduinoCore.a(Print.o)
 .text._ZN5Print7printlnERK6String
                0x00000000       0x24 C:\Users\ishrak\Documents\Atmel Studio\7.0\lcrystalarduino\lcrystalarduino\ArduinoCore\Debug\libArduinoCore.a(Print.o)
 .text._ZN5Print7printlnEPKc
                0x00000000       0x24 C:\Users\ishrak\Documents\Atmel Studio\7.0\lcrystalarduino\lcrystalarduino\ArduinoCore\Debug\libArduinoCore.a(Print.o)
 .text._ZN5Print7printlnEc
                0x00000000       0x24 C:\Users\ishrak\Documents\Atmel Studio\7.0\lcrystalarduino\lcrystalarduino\ArduinoCore\Debug\libArduinoCore.a(Print.o)
 .text._ZN5Print7printlnERK9Printable
                0x00000000       0x24 C:\Users\ishrak\Documents\Atmel Studio\7.0\lcrystalarduino\lcrystalarduino\ArduinoCore\Debug\libArduinoCore.a(Print.o)
 .text._ZN5Print11printNumberEmh
                0x00000000       0xa8 C:\Users\ishrak\Documents\Atmel Studio\7.0\lcrystalarduino\lcrystalarduino\ArduinoCore\Debug\libArduinoCore.a(Print.o)
 .text._ZN5Print5printEli
                0x00000000       0x94 C:\Users\ishrak\Documents\Atmel Studio\7.0\lcrystalarduino\lcrystalarduino\ArduinoCore\Debug\libArduinoCore.a(Print.o)
 .text._ZN5Print5printEii
                0x00000000        0xe C:\Users\ishrak\Documents\Atmel Studio\7.0\lcrystalarduino\lcrystalarduino\ArduinoCore\Debug\libArduinoCore.a(Print.o)
 .text._ZN5Print7printlnEii
                0x00000000       0x2e C:\Users\ishrak\Documents\Atmel Studio\7.0\lcrystalarduino\lcrystalarduino\ArduinoCore\Debug\libArduinoCore.a(Print.o)
 .text._ZN5Print7printlnEli
                0x00000000       0x24 C:\Users\ishrak\Documents\Atmel Studio\7.0\lcrystalarduino\lcrystalarduino\ArduinoCore\Debug\libArduinoCore.a(Print.o)
 .text._ZN5Print5printEmi
                0x00000000       0x1a C:\Users\ishrak\Documents\Atmel Studio\7.0\lcrystalarduino\lcrystalarduino\ArduinoCore\Debug\libArduinoCore.a(Print.o)
 .text._ZN5Print5printEhi
                0x00000000        0xe C:\Users\ishrak\Documents\Atmel Studio\7.0\lcrystalarduino\lcrystalarduino\ArduinoCore\Debug\libArduinoCore.a(Print.o)
 .text._ZN5Print7printlnEhi
                0x00000000       0x2e C:\Users\ishrak\Documents\Atmel Studio\7.0\lcrystalarduino\lcrystalarduino\ArduinoCore\Debug\libArduinoCore.a(Print.o)
 .text._ZN5Print5printEji
                0x00000000        0xc C:\Users\ishrak\Documents\Atmel Studio\7.0\lcrystalarduino\lcrystalarduino\ArduinoCore\Debug\libArduinoCore.a(Print.o)
 .text._ZN5Print7printlnEji
                0x00000000       0x2c C:\Users\ishrak\Documents\Atmel Studio\7.0\lcrystalarduino\lcrystalarduino\ArduinoCore\Debug\libArduinoCore.a(Print.o)
 .text._ZN5Print7printlnEmi
                0x00000000       0x24 C:\Users\ishrak\Documents\Atmel Studio\7.0\lcrystalarduino\lcrystalarduino\ArduinoCore\Debug\libArduinoCore.a(Print.o)
 .text._ZN5Print10printFloatEdh
                0x00000000      0x1c4 C:\Users\ishrak\Documents\Atmel Studio\7.0\lcrystalarduino\lcrystalarduino\ArduinoCore\Debug\libArduinoCore.a(Print.o)
 .text._ZN5Print5printEdi
                0x00000000        0x4 C:\Users\ishrak\Documents\Atmel Studio\7.0\lcrystalarduino\lcrystalarduino\ArduinoCore\Debug\libArduinoCore.a(Print.o)
 .text._ZN5Print7printlnEdi
                0x00000000       0x24 C:\Users\ishrak\Documents\Atmel Studio\7.0\lcrystalarduino\lcrystalarduino\ArduinoCore\Debug\libArduinoCore.a(Print.o)
 .rodata._ZTV5Print
                0x00000000        0xc C:\Users\ishrak\Documents\Atmel Studio\7.0\lcrystalarduino\lcrystalarduino\ArduinoCore\Debug\libArduinoCore.a(Print.o)
 .text          0x00000000        0x0 C:\Users\ishrak\Documents\Atmel Studio\7.0\lcrystalarduino\lcrystalarduino\ArduinoCore\Debug\libArduinoCore.a(wiring.o)
 .data          0x00000000        0x0 C:\Users\ishrak\Documents\Atmel Studio\7.0\lcrystalarduino\lcrystalarduino\ArduinoCore\Debug\libArduinoCore.a(wiring.o)
 .bss           0x00000000        0x0 C:\Users\ishrak\Documents\Atmel Studio\7.0\lcrystalarduino\lcrystalarduino\ArduinoCore\Debug\libArduinoCore.a(wiring.o)
 .text.millis   0x00000000       0x18 C:\Users\ishrak\Documents\Atmel Studio\7.0\lcrystalarduino\lcrystalarduino\ArduinoCore\Debug\libArduinoCore.a(wiring.o)
 .group         0x00000000        0x8 C:\Users\ishrak\Documents\Atmel Studio\7.0\lcrystalarduino\lcrystalarduino\ArduinoCore\Debug\libArduinoCore.a(LiquidCrystal.o)
 .group         0x00000000        0x8 C:\Users\ishrak\Documents\Atmel Studio\7.0\lcrystalarduino\lcrystalarduino\ArduinoCore\Debug\libArduinoCore.a(LiquidCrystal.o)
 .group         0x00000000        0x8 C:\Users\ishrak\Documents\Atmel Studio\7.0\lcrystalarduino\lcrystalarduino\ArduinoCore\Debug\libArduinoCore.a(LiquidCrystal.o)
 .group         0x00000000        0x8 C:\Users\ishrak\Documents\Atmel Studio\7.0\lcrystalarduino\lcrystalarduino\ArduinoCore\Debug\libArduinoCore.a(LiquidCrystal.o)
 .group         0x00000000        0x8 C:\Users\ishrak\Documents\Atmel Studio\7.0\lcrystalarduino\lcrystalarduino\ArduinoCore\Debug\libArduinoCore.a(LiquidCrystal.o)
 .text          0x00000000        0x0 C:\Users\ishrak\Documents\Atmel Studio\7.0\lcrystalarduino\lcrystalarduino\ArduinoCore\Debug\libArduinoCore.a(LiquidCrystal.o)
 .data          0x00000000        0x0 C:\Users\ishrak\Documents\Atmel Studio\7.0\lcrystalarduino\lcrystalarduino\ArduinoCore\Debug\libArduinoCore.a(LiquidCrystal.o)
 .bss           0x00000000        0x0 C:\Users\ishrak\Documents\Atmel Studio\7.0\lcrystalarduino\lcrystalarduino\ArduinoCore\Debug\libArduinoCore.a(LiquidCrystal.o)
 .text._ZN5Print17availableForWriteEv
                0x00000000        0x6 C:\Users\ishrak\Documents\Atmel Studio\7.0\lcrystalarduino\lcrystalarduino\ArduinoCore\Debug\libArduinoCore.a(LiquidCrystal.o)
 .text._ZN5Print5flushEv
                0x00000000        0x2 C:\Users\ishrak\Documents\Atmel Studio\7.0\lcrystalarduino\lcrystalarduino\ArduinoCore\Debug\libArduinoCore.a(LiquidCrystal.o)
 .text._ZN13LiquidCrystal13setRowOffsetsEiiii
                0x00000000       0x10 C:\Users\ishrak\Documents\Atmel Studio\7.0\lcrystalarduino\lcrystalarduino\ArduinoCore\Debug\libArduinoCore.a(LiquidCrystal.o)
 .text._ZN13LiquidCrystal4homeEv
                0x00000000        0xe C:\Users\ishrak\Documents\Atmel Studio\7.0\lcrystalarduino\lcrystalarduino\ArduinoCore\Debug\libArduinoCore.a(LiquidCrystal.o)
 .text._ZN13LiquidCrystal9setCursorEhh
                0x00000000       0x26 C:\Users\ishrak\Documents\Atmel Studio\7.0\lcrystalarduino\lcrystalarduino\ArduinoCore\Debug\libArduinoCore.a(LiquidCrystal.o)
 .text._ZN13LiquidCrystal9noDisplayEv
                0x00000000        0xe C:\Users\ishrak\Documents\Atmel Studio\7.0\lcrystalarduino\lcrystalarduino\ArduinoCore\Debug\libArduinoCore.a(LiquidCrystal.o)
 .text._ZN13LiquidCrystal4initEhhhhhhhhhhhh
                0x00000000       0x58 C:\Users\ishrak\Documents\Atmel Studio\7.0\lcrystalarduino\lcrystalarduino\ArduinoCore\Debug\libArduinoCore.a(LiquidCrystal.o)
 .text._ZN13LiquidCrystalC2Ehhhhhhhhhhh
                0x00000000       0x5a C:\Users\ishrak\Documents\Atmel Studio\7.0\lcrystalarduino\lcrystalarduino\ArduinoCore\Debug\libArduinoCore.a(LiquidCrystal.o)
 .text._ZN13LiquidCrystalC2Ehhhhhhhhhh
                0x00000000       0x5a C:\Users\ishrak\Documents\Atmel Studio\7.0\lcrystalarduino\lcrystalarduino\ArduinoCore\Debug\libArduinoCore.a(LiquidCrystal.o)
 .text._ZN13LiquidCrystalC2Ehhhhhhh
                0x00000000       0x42 C:\Users\ishrak\Documents\Atmel Studio\7.0\lcrystalarduino\lcrystalarduino\ArduinoCore\Debug\libArduinoCore.a(LiquidCrystal.o)
 .text._ZN13LiquidCrystal8noCursorEv
                0x00000000        0xe C:\Users\ishrak\Documents\Atmel Studio\7.0\lcrystalarduino\lcrystalarduino\ArduinoCore\Debug\libArduinoCore.a(LiquidCrystal.o)
 .text._ZN13LiquidCrystal6cursorEv
                0x00000000       0x10 C:\Users\ishrak\Documents\Atmel Studio\7.0\lcrystalarduino\lcrystalarduino\ArduinoCore\Debug\libArduinoCore.a(LiquidCrystal.o)
 .text._ZN13LiquidCrystal17scrollDisplayLeftEv
                0x00000000        0x6 C:\Users\ishrak\Documents\Atmel Studio\7.0\lcrystalarduino\lcrystalarduino\ArduinoCore\Debug\libArduinoCore.a(LiquidCrystal.o)
 .text._ZN13LiquidCrystal18scrollDisplayRightEv
                0x00000000        0x6 C:\Users\ishrak\Documents\Atmel Studio\7.0\lcrystalarduino\lcrystalarduino\ArduinoCore\Debug\libArduinoCore.a(LiquidCrystal.o)
 .text._ZN13LiquidCrystal11leftToRightEv
                0x00000000       0x10 C:\Users\ishrak\Documents\Atmel Studio\7.0\lcrystalarduino\lcrystalarduino\ArduinoCore\Debug\libArduinoCore.a(LiquidCrystal.o)
 .text._ZN13LiquidCrystal11rightToLeftEv
                0x00000000        0xe C:\Users\ishrak\Documents\Atmel Studio\7.0\lcrystalarduino\lcrystalarduino\ArduinoCore\Debug\libArduinoCore.a(LiquidCrystal.o)
 .text._ZN13LiquidCrystal10autoscrollEv
                0x00000000       0x10 C:\Users\ishrak\Documents\Atmel Studio\7.0\lcrystalarduino\lcrystalarduino\ArduinoCore\Debug\libArduinoCore.a(LiquidCrystal.o)
 .text._ZN13LiquidCrystal12noAutoscrollEv
                0x00000000        0xe C:\Users\ishrak\Documents\Atmel Studio\7.0\lcrystalarduino\lcrystalarduino\ArduinoCore\Debug\libArduinoCore.a(LiquidCrystal.o)
 .text._ZN13LiquidCrystal10createCharEhPh
                0x00000000       0x70 C:\Users\ishrak\Documents\Atmel Studio\7.0\lcrystalarduino\lcrystalarduino\ArduinoCore\Debug\libArduinoCore.a(LiquidCrystal.o)
 .text          0x00000000        0x0 C:\Users\ishrak\Documents\Atmel Studio\7.0\lcrystalarduino\lcrystalarduino\ArduinoCore\Debug\libArduinoCore.a(abi.o)
 .data          0x00000000        0x0 C:\Users\ishrak\Documents\Atmel Studio\7.0\lcrystalarduino\lcrystalarduino\ArduinoCore\Debug\libArduinoCore.a(abi.o)
 .bss           0x00000000        0x0 C:\Users\ishrak\Documents\Atmel Studio\7.0\lcrystalarduino\lcrystalarduino\ArduinoCore\Debug\libArduinoCore.a(abi.o)
 .text.__cxa_pure_virtual
                0x00000000        0x4 C:\Users\ishrak\Documents\Atmel Studio\7.0\lcrystalarduino\lcrystalarduino\ArduinoCore\Debug\libArduinoCore.a(abi.o)
 .text.__cxa_deleted_virtual
                0x00000000        0x4 C:\Users\ishrak\Documents\Atmel Studio\7.0\lcrystalarduino\lcrystalarduino\ArduinoCore\Debug\libArduinoCore.a(abi.o)
 .debug_info    0x00000000       0x8e C:\Users\ishrak\Documents\Atmel Studio\7.0\lcrystalarduino\lcrystalarduino\ArduinoCore\Debug\libArduinoCore.a(abi.o)
 .debug_abbrev  0x00000000       0x5e C:\Users\ishrak\Documents\Atmel Studio\7.0\lcrystalarduino\lcrystalarduino\ArduinoCore\Debug\libArduinoCore.a(abi.o)
 .debug_aranges
                0x00000000       0x28 C:\Users\ishrak\Documents\Atmel Studio\7.0\lcrystalarduino\lcrystalarduino\ArduinoCore\Debug\libArduinoCore.a(abi.o)
 .debug_ranges  0x00000000       0x18 C:\Users\ishrak\Documents\Atmel Studio\7.0\lcrystalarduino\lcrystalarduino\ArduinoCore\Debug\libArduinoCore.a(abi.o)
 .debug_line    0x00000000       0xa7 C:\Users\ishrak\Documents\Atmel Studio\7.0\lcrystalarduino\lcrystalarduino\ArduinoCore\Debug\libArduinoCore.a(abi.o)
 .debug_str     0x00000000      0x1b7 C:\Users\ishrak\Documents\Atmel Studio\7.0\lcrystalarduino\lcrystalarduino\ArduinoCore\Debug\libArduinoCore.a(abi.o)
 .comment       0x00000000       0x31 C:\Users\ishrak\Documents\Atmel Studio\7.0\lcrystalarduino\lcrystalarduino\ArduinoCore\Debug\libArduinoCore.a(abi.o)
 .debug_frame   0x00000000       0x34 C:\Users\ishrak\Documents\Atmel Studio\7.0\lcrystalarduino\lcrystalarduino\ArduinoCore\Debug\libArduinoCore.a(abi.o)
 .text          0x00000000        0x0 C:\Users\ishrak\Documents\Atmel Studio\7.0\lcrystalarduino\lcrystalarduino\ArduinoCore\Debug\libArduinoCore.a(hooks.o)
 .data          0x00000000        0x0 C:\Users\ishrak\Documents\Atmel Studio\7.0\lcrystalarduino\lcrystalarduino\ArduinoCore\Debug\libArduinoCore.a(hooks.o)
 .bss           0x00000000        0x0 C:\Users\ishrak\Documents\Atmel Studio\7.0\lcrystalarduino\lcrystalarduino\ArduinoCore\Debug\libArduinoCore.a(hooks.o)
 .text          0x00000000        0x0 C:\Users\ishrak\Documents\Atmel Studio\7.0\lcrystalarduino\lcrystalarduino\ArduinoCore\Debug\libArduinoCore.a(wiring_digital.o)
 .data          0x00000000        0x0 C:\Users\ishrak\Documents\Atmel Studio\7.0\lcrystalarduino\lcrystalarduino\ArduinoCore\Debug\libArduinoCore.a(wiring_digital.o)
 .bss           0x00000000        0x0 C:\Users\ishrak\Documents\Atmel Studio\7.0\lcrystalarduino\lcrystalarduino\ArduinoCore\Debug\libArduinoCore.a(wiring_digital.o)
 .text.digitalRead
                0x00000000       0x52 C:\Users\ishrak\Documents\Atmel Studio\7.0\lcrystalarduino\lcrystalarduino\ArduinoCore\Debug\libArduinoCore.a(wiring_digital.o)
 .progmem.data.port_to_input_PGM
                0x00000000        0xa C:\Users\ishrak\Documents\Atmel Studio\7.0\lcrystalarduino\lcrystalarduino\ArduinoCore\Debug\libArduinoCore.a(wiring_digital.o)
 .text          0x00000000        0x0 c:/datasoft/7.0/toolchain/avr8/avr8-gnu-toolchain/bin/../lib/gcc/avr/4.9.2/../../../../avr/lib/avr5\libm.a(addsf3.o)
 .data          0x00000000        0x0 c:/datasoft/7.0/toolchain/avr8/avr8-gnu-toolchain/bin/../lib/gcc/avr/4.9.2/../../../../avr/lib/avr5\libm.a(addsf3.o)
 .bss           0x00000000        0x0 c:/datasoft/7.0/toolchain/avr8/avr8-gnu-toolchain/bin/../lib/gcc/avr/4.9.2/../../../../avr/lib/avr5\libm.a(addsf3.o)
 .text.avr-libc.fplib
                0x00000000        0xe c:/datasoft/7.0/toolchain/avr8/avr8-gnu-toolchain/bin/../lib/gcc/avr/4.9.2/../../../../avr/lib/avr5\libm.a(addsf3.o)
 .text          0x00000000        0x0 c:/datasoft/7.0/toolchain/avr8/avr8-gnu-toolchain/bin/../lib/gcc/avr/4.9.2/../../../../avr/lib/avr5\libm.a(addsf3x.o)
 .data          0x00000000        0x0 c:/datasoft/7.0/toolchain/avr8/avr8-gnu-toolchain/bin/../lib/gcc/avr/4.9.2/../../../../avr/lib/avr5\libm.a(addsf3x.o)
 .bss           0x00000000        0x0 c:/datasoft/7.0/toolchain/avr8/avr8-gnu-toolchain/bin/../lib/gcc/avr/4.9.2/../../../../avr/lib/avr5\libm.a(addsf3x.o)
 .text.avr-libc.fplib
                0x00000000       0xcc c:/datasoft/7.0/toolchain/avr8/avr8-gnu-toolchain/bin/../lib/gcc/avr/4.9.2/../../../../avr/lib/avr5\libm.a(addsf3x.o)
 .text          0x00000000        0x0 c:/datasoft/7.0/toolchain/avr8/avr8-gnu-toolchain/bin/../lib/gcc/avr/4.9.2/../../../../avr/lib/avr5\libm.a(cmpsf2.o)
 .data          0x00000000        0x0 c:/datasoft/7.0/toolchain/avr8/avr8-gnu-toolchain/bin/../lib/gcc/avr/4.9.2/../../../../avr/lib/avr5\libm.a(cmpsf2.o)
 .bss           0x00000000        0x0 c:/datasoft/7.0/toolchain/avr8/avr8-gnu-toolchain/bin/../lib/gcc/avr/4.9.2/../../../../avr/lib/avr5\libm.a(cmpsf2.o)
 .text.avr-libc.fplib
                0x00000000        0xa c:/datasoft/7.0/toolchain/avr8/avr8-gnu-toolchain/bin/../lib/gcc/avr/4.9.2/../../../../avr/lib/avr5\libm.a(cmpsf2.o)
 .text          0x00000000        0x0 c:/datasoft/7.0/toolchain/avr8/avr8-gnu-toolchain/bin/../lib/gcc/avr/4.9.2/../../../../avr/lib/avr5\libm.a(divsf3.o)
 .data          0x00000000        0x0 c:/datasoft/7.0/toolchain/avr8/avr8-gnu-toolchain/bin/../lib/gcc/avr/4.9.2/../../../../avr/lib/avr5\libm.a(divsf3.o)
 .bss           0x00000000        0x0 c:/datasoft/7.0/toolchain/avr8/avr8-gnu-toolchain/bin/../lib/gcc/avr/4.9.2/../../../../avr/lib/avr5\libm.a(divsf3.o)
 .text.avr-libc.fplib
                0x00000000        0x8 c:/datasoft/7.0/toolchain/avr8/avr8-gnu-toolchain/bin/../lib/gcc/avr/4.9.2/../../../../avr/lib/avr5\libm.a(divsf3.o)
 .text          0x00000000        0x0 c:/datasoft/7.0/toolchain/avr8/avr8-gnu-toolchain/bin/../lib/gcc/avr/4.9.2/../../../../avr/lib/avr5\libm.a(divsf3x.o)
 .data          0x00000000        0x0 c:/datasoft/7.0/toolchain/avr8/avr8-gnu-toolchain/bin/../lib/gcc/avr/4.9.2/../../../../avr/lib/avr5\libm.a(divsf3x.o)
 .bss           0x00000000        0x0 c:/datasoft/7.0/toolchain/avr8/avr8-gnu-toolchain/bin/../lib/gcc/avr/4.9.2/../../../../avr/lib/avr5\libm.a(divsf3x.o)
 .text.avr-libc.fplib
                0x00000000       0xdc c:/datasoft/7.0/toolchain/avr8/avr8-gnu-toolchain/bin/../lib/gcc/avr/4.9.2/../../../../avr/lib/avr5\libm.a(divsf3x.o)
 .text          0x00000000        0x0 c:/datasoft/7.0/toolchain/avr8/avr8-gnu-toolchain/bin/../lib/gcc/avr/4.9.2/../../../../avr/lib/avr5\libm.a(fixunssfsi.o)
 .data          0x00000000        0x0 c:/datasoft/7.0/toolchain/avr8/avr8-gnu-toolchain/bin/../lib/gcc/avr/4.9.2/../../../../avr/lib/avr5\libm.a(fixunssfsi.o)
 .bss           0x00000000        0x0 c:/datasoft/7.0/toolchain/avr8/avr8-gnu-toolchain/bin/../lib/gcc/avr/4.9.2/../../../../avr/lib/avr5\libm.a(fixunssfsi.o)
 .text.avr-libc.fplib
                0x00000000       0x5e c:/datasoft/7.0/toolchain/avr8/avr8-gnu-toolchain/bin/../lib/gcc/avr/4.9.2/../../../../avr/lib/avr5\libm.a(fixunssfsi.o)
 .text          0x00000000        0x0 c:/datasoft/7.0/toolchain/avr8/avr8-gnu-toolchain/bin/../lib/gcc/avr/4.9.2/../../../../avr/lib/avr5\libm.a(floatsisf.o)
 .data          0x00000000        0x0 c:/datasoft/7.0/toolchain/avr8/avr8-gnu-toolchain/bin/../lib/gcc/avr/4.9.2/../../../../avr/lib/avr5\libm.a(floatsisf.o)
 .bss           0x00000000        0x0 c:/datasoft/7.0/toolchain/avr8/avr8-gnu-toolchain/bin/../lib/gcc/avr/4.9.2/../../../../avr/lib/avr5\libm.a(floatsisf.o)
 .text.avr-libc.fplib
                0x00000000       0x7a c:/datasoft/7.0/toolchain/avr8/avr8-gnu-toolchain/bin/../lib/gcc/avr/4.9.2/../../../../avr/lib/avr5\libm.a(floatsisf.o)
 .text          0x00000000        0x0 c:/datasoft/7.0/toolchain/avr8/avr8-gnu-toolchain/bin/../lib/gcc/avr/4.9.2/../../../../avr/lib/avr5\libm.a(fp_cmp.o)
 .data          0x00000000        0x0 c:/datasoft/7.0/toolchain/avr8/avr8-gnu-toolchain/bin/../lib/gcc/avr/4.9.2/../../../../avr/lib/avr5\libm.a(fp_cmp.o)
 .bss           0x00000000        0x0 c:/datasoft/7.0/toolchain/avr8/avr8-gnu-toolchain/bin/../lib/gcc/avr/4.9.2/../../../../avr/lib/avr5\libm.a(fp_cmp.o)
 .text.avr-libc.fplib
                0x00000000       0x48 c:/datasoft/7.0/toolchain/avr8/avr8-gnu-toolchain/bin/../lib/gcc/avr/4.9.2/../../../../avr/lib/avr5\libm.a(fp_cmp.o)
 .text          0x00000000        0x0 c:/datasoft/7.0/toolchain/avr8/avr8-gnu-toolchain/bin/../lib/gcc/avr/4.9.2/../../../../avr/lib/avr5\libm.a(fp_inf.o)
 .data          0x00000000        0x0 c:/datasoft/7.0/toolchain/avr8/avr8-gnu-toolchain/bin/../lib/gcc/avr/4.9.2/../../../../avr/lib/avr5\libm.a(fp_inf.o)
 .bss           0x00000000        0x0 c:/datasoft/7.0/toolchain/avr8/avr8-gnu-toolchain/bin/../lib/gcc/avr/4.9.2/../../../../avr/lib/avr5\libm.a(fp_inf.o)
 .text.avr-libc.fplib
                0x00000000        0xc c:/datasoft/7.0/toolchain/avr8/avr8-gnu-toolchain/bin/../lib/gcc/avr/4.9.2/../../../../avr/lib/avr5\libm.a(fp_inf.o)
 .text          0x00000000        0x0 c:/datasoft/7.0/toolchain/avr8/avr8-gnu-toolchain/bin/../lib/gcc/avr/4.9.2/../../../../avr/lib/avr5\libm.a(fp_nan.o)
 .data          0x00000000        0x0 c:/datasoft/7.0/toolchain/avr8/avr8-gnu-toolchain/bin/../lib/gcc/avr/4.9.2/../../../../avr/lib/avr5\libm.a(fp_nan.o)
 .bss           0x00000000        0x0 c:/datasoft/7.0/toolchain/avr8/avr8-gnu-toolchain/bin/../lib/gcc/avr/4.9.2/../../../../avr/lib/avr5\libm.a(fp_nan.o)
 .text.avr-libc.fplib
                0x00000000        0x6 c:/datasoft/7.0/toolchain/avr8/avr8-gnu-toolchain/bin/../lib/gcc/avr/4.9.2/../../../../avr/lib/avr5\libm.a(fp_nan.o)
 .text          0x00000000        0x0 c:/datasoft/7.0/toolchain/avr8/avr8-gnu-toolchain/bin/../lib/gcc/avr/4.9.2/../../../../avr/lib/avr5\libm.a(fp_pscA.o)
 .data          0x00000000        0x0 c:/datasoft/7.0/toolchain/avr8/avr8-gnu-toolchain/bin/../lib/gcc/avr/4.9.2/../../../../avr/lib/avr5\libm.a(fp_pscA.o)
 .bss           0x00000000        0x0 c:/datasoft/7.0/toolchain/avr8/avr8-gnu-toolchain/bin/../lib/gcc/avr/4.9.2/../../../../avr/lib/avr5\libm.a(fp_pscA.o)
 .text.avr-libc.fplib
                0x00000000        0xe c:/datasoft/7.0/toolchain/avr8/avr8-gnu-toolchain/bin/../lib/gcc/avr/4.9.2/../../../../avr/lib/avr5\libm.a(fp_pscA.o)
 .text          0x00000000        0x0 c:/datasoft/7.0/toolchain/avr8/avr8-gnu-toolchain/bin/../lib/gcc/avr/4.9.2/../../../../avr/lib/avr5\libm.a(fp_pscB.o)
 .data          0x00000000        0x0 c:/datasoft/7.0/toolchain/avr8/avr8-gnu-toolchain/bin/../lib/gcc/avr/4.9.2/../../../../avr/lib/avr5\libm.a(fp_pscB.o)
 .bss           0x00000000        0x0 c:/datasoft/7.0/toolchain/avr8/avr8-gnu-toolchain/bin/../lib/gcc/avr/4.9.2/../../../../avr/lib/avr5\libm.a(fp_pscB.o)
 .text.avr-libc.fplib
                0x00000000        0xe c:/datasoft/7.0/toolchain/avr8/avr8-gnu-toolchain/bin/../lib/gcc/avr/4.9.2/../../../../avr/lib/avr5\libm.a(fp_pscB.o)
 .text          0x00000000        0x0 c:/datasoft/7.0/toolchain/avr8/avr8-gnu-toolchain/bin/../lib/gcc/avr/4.9.2/../../../../avr/lib/avr5\libm.a(fp_round.o)
 .data          0x00000000        0x0 c:/datasoft/7.0/toolchain/avr8/avr8-gnu-toolchain/bin/../lib/gcc/avr/4.9.2/../../../../avr/lib/avr5\libm.a(fp_round.o)
 .bss           0x00000000        0x0 c:/datasoft/7.0/toolchain/avr8/avr8-gnu-toolchain/bin/../lib/gcc/avr/4.9.2/../../../../avr/lib/avr5\libm.a(fp_round.o)
 .text.avr-libc.fplib
                0x00000000       0x22 c:/datasoft/7.0/toolchain/avr8/avr8-gnu-toolchain/bin/../lib/gcc/avr/4.9.2/../../../../avr/lib/avr5\libm.a(fp_round.o)
 .text          0x00000000        0x0 c:/datasoft/7.0/toolchain/avr8/avr8-gnu-toolchain/bin/../lib/gcc/avr/4.9.2/../../../../avr/lib/avr5\libm.a(fp_split3.o)
 .data          0x00000000        0x0 c:/datasoft/7.0/toolchain/avr8/avr8-gnu-toolchain/bin/../lib/gcc/avr/4.9.2/../../../../avr/lib/avr5\libm.a(fp_split3.o)
 .bss           0x00000000        0x0 c:/datasoft/7.0/toolchain/avr8/avr8-gnu-toolchain/bin/../lib/gcc/avr/4.9.2/../../../../avr/lib/avr5\libm.a(fp_split3.o)
 .text.avr-libc.fplib
                0x00000000       0x44 c:/datasoft/7.0/toolchain/avr8/avr8-gnu-toolchain/bin/../lib/gcc/avr/4.9.2/../../../../avr/lib/avr5\libm.a(fp_split3.o)
 .text          0x00000000        0x0 c:/datasoft/7.0/toolchain/avr8/avr8-gnu-toolchain/bin/../lib/gcc/avr/4.9.2/../../../../avr/lib/avr5\libm.a(fp_zero.o)
 .data          0x00000000        0x0 c:/datasoft/7.0/toolchain/avr8/avr8-gnu-toolchain/bin/../lib/gcc/avr/4.9.2/../../../../avr/lib/avr5\libm.a(fp_zero.o)
 .bss           0x00000000        0x0 c:/datasoft/7.0/toolchain/avr8/avr8-gnu-toolchain/bin/../lib/gcc/avr/4.9.2/../../../../avr/lib/avr5\libm.a(fp_zero.o)
 .text.avr-libc.fplib
                0x00000000        0xe c:/datasoft/7.0/toolchain/avr8/avr8-gnu-toolchain/bin/../lib/gcc/avr/4.9.2/../../../../avr/lib/avr5\libm.a(fp_zero.o)
 .text          0x00000000        0x0 c:/datasoft/7.0/toolchain/avr8/avr8-gnu-toolchain/bin/../lib/gcc/avr/4.9.2/../../../../avr/lib/avr5\libm.a(gesf2.o)
 .data          0x00000000        0x0 c:/datasoft/7.0/toolchain/avr8/avr8-gnu-toolchain/bin/../lib/gcc/avr/4.9.2/../../../../avr/lib/avr5\libm.a(gesf2.o)
 .bss           0x00000000        0x0 c:/datasoft/7.0/toolchain/avr8/avr8-gnu-toolchain/bin/../lib/gcc/avr/4.9.2/../../../../avr/lib/avr5\libm.a(gesf2.o)
 .text.avr-libc.fplib
                0x00000000        0xa c:/datasoft/7.0/toolchain/avr8/avr8-gnu-toolchain/bin/../lib/gcc/avr/4.9.2/../../../../avr/lib/avr5\libm.a(gesf2.o)
 .text          0x00000000        0x0 c:/datasoft/7.0/toolchain/avr8/avr8-gnu-toolchain/bin/../lib/gcc/avr/4.9.2/../../../../avr/lib/avr5\libm.a(mulsf3.o)
 .data          0x00000000        0x0 c:/datasoft/7.0/toolchain/avr8/avr8-gnu-toolchain/bin/../lib/gcc/avr/4.9.2/../../../../avr/lib/avr5\libm.a(mulsf3.o)
 .bss           0x00000000        0x0 c:/datasoft/7.0/toolchain/avr8/avr8-gnu-toolchain/bin/../lib/gcc/avr/4.9.2/../../../../avr/lib/avr5\libm.a(mulsf3.o)
 .text.avr-libc.fplib
                0x00000000        0x8 c:/datasoft/7.0/toolchain/avr8/avr8-gnu-toolchain/bin/../lib/gcc/avr/4.9.2/../../../../avr/lib/avr5\libm.a(mulsf3.o)
 .text          0x00000000        0x0 c:/datasoft/7.0/toolchain/avr8/avr8-gnu-toolchain/bin/../lib/gcc/avr/4.9.2/../../../../avr/lib/avr5\libm.a(mulsf3x.o)
 .data          0x00000000        0x0 c:/datasoft/7.0/toolchain/avr8/avr8-gnu-toolchain/bin/../lib/gcc/avr/4.9.2/../../../../avr/lib/avr5\libm.a(mulsf3x.o)
 .bss           0x00000000        0x0 c:/datasoft/7.0/toolchain/avr8/avr8-gnu-toolchain/bin/../lib/gcc/avr/4.9.2/../../../../avr/lib/avr5\libm.a(mulsf3x.o)
 .text.avr-libc.fplib
                0x00000000       0xd2 c:/datasoft/7.0/toolchain/avr8/avr8-gnu-toolchain/bin/../lib/gcc/avr/4.9.2/../../../../avr/lib/avr5\libm.a(mulsf3x.o)
 .text          0x00000000        0x0 c:/datasoft/7.0/toolchain/avr8/avr8-gnu-toolchain/bin/../lib/gcc/avr/4.9.2/../../../../avr/lib/avr5\libm.a(unordsf2.o)
 .data          0x00000000        0x0 c:/datasoft/7.0/toolchain/avr8/avr8-gnu-toolchain/bin/../lib/gcc/avr/4.9.2/../../../../avr/lib/avr5\libm.a(unordsf2.o)
 .bss           0x00000000        0x0 c:/datasoft/7.0/toolchain/avr8/avr8-gnu-toolchain/bin/../lib/gcc/avr/4.9.2/../../../../avr/lib/avr5\libm.a(unordsf2.o)
 .text.avr-libc.fplib
                0x00000000        0xa c:/datasoft/7.0/toolchain/avr8/avr8-gnu-toolchain/bin/../lib/gcc/avr/4.9.2/../../../../avr/lib/avr5\libm.a(unordsf2.o)
 .text          0x00000000        0x0 c:/datasoft/7.0/toolchain/avr8/avr8-gnu-toolchain/bin/../lib/gcc/avr/4.9.2/avr5\libgcc.a(_udivmodsi4.o)
 .data          0x00000000        0x0 c:/datasoft/7.0/toolchain/avr8/avr8-gnu-toolchain/bin/../lib/gcc/avr/4.9.2/avr5\libgcc.a(_udivmodsi4.o)
 .bss           0x00000000        0x0 c:/datasoft/7.0/toolchain/avr8/avr8-gnu-toolchain/bin/../lib/gcc/avr/4.9.2/avr5\libgcc.a(_udivmodsi4.o)
 .text.libgcc.mul
                0x00000000        0x0 c:/datasoft/7.0/toolchain/avr8/avr8-gnu-toolchain/bin/../lib/gcc/avr/4.9.2/avr5\libgcc.a(_udivmodsi4.o)
 .text.libgcc.div
                0x00000000       0x44 c:/datasoft/7.0/toolchain/avr8/avr8-gnu-toolchain/bin/../lib/gcc/avr/4.9.2/avr5\libgcc.a(_udivmodsi4.o)
 .text.libgcc   0x00000000        0x0 c:/datasoft/7.0/toolchain/avr8/avr8-gnu-toolchain/bin/../lib/gcc/avr/4.9.2/avr5\libgcc.a(_udivmodsi4.o)
 .text.libgcc.prologue
                0x00000000        0x0 c:/datasoft/7.0/toolchain/avr8/avr8-gnu-toolchain/bin/../lib/gcc/avr/4.9.2/avr5\libgcc.a(_udivmodsi4.o)
 .text.libgcc.builtins
                0x00000000        0x0 c:/datasoft/7.0/toolchain/avr8/avr8-gnu-toolchain/bin/../lib/gcc/avr/4.9.2/avr5\libgcc.a(_udivmodsi4.o)
 .text.libgcc.fmul
                0x00000000        0x0 c:/datasoft/7.0/toolchain/avr8/avr8-gnu-toolchain/bin/../lib/gcc/avr/4.9.2/avr5\libgcc.a(_udivmodsi4.o)
 .text.libgcc.fixed
                0x00000000        0x0 c:/datasoft/7.0/toolchain/avr8/avr8-gnu-toolchain/bin/../lib/gcc/avr/4.9.2/avr5\libgcc.a(_udivmodsi4.o)
 .text          0x00000000        0x0 c:/datasoft/7.0/toolchain/avr8/avr8-gnu-toolchain/bin/../lib/gcc/avr/4.9.2/avr5\libgcc.a(_exit.o)
 .data          0x00000000        0x0 c:/datasoft/7.0/toolchain/avr8/avr8-gnu-toolchain/bin/../lib/gcc/avr/4.9.2/avr5\libgcc.a(_exit.o)
 .bss           0x00000000        0x0 c:/datasoft/7.0/toolchain/avr8/avr8-gnu-toolchain/bin/../lib/gcc/avr/4.9.2/avr5\libgcc.a(_exit.o)
 .text.libgcc.mul
                0x00000000        0x0 c:/datasoft/7.0/toolchain/avr8/avr8-gnu-toolchain/bin/../lib/gcc/avr/4.9.2/avr5\libgcc.a(_exit.o)
 .text.libgcc.div
                0x00000000        0x0 c:/datasoft/7.0/toolchain/avr8/avr8-gnu-toolchain/bin/../lib/gcc/avr/4.9.2/avr5\libgcc.a(_exit.o)
 .text.libgcc   0x00000000        0x0 c:/datasoft/7.0/toolchain/avr8/avr8-gnu-toolchain/bin/../lib/gcc/avr/4.9.2/avr5\libgcc.a(_exit.o)
 .text.libgcc.prologue
                0x00000000        0x0 c:/datasoft/7.0/toolchain/avr8/avr8-gnu-toolchain/bin/../lib/gcc/avr/4.9.2/avr5\libgcc.a(_exit.o)
 .text.libgcc.builtins
                0x00000000        0x0 c:/datasoft/7.0/toolchain/avr8/avr8-gnu-toolchain/bin/../lib/gcc/avr/4.9.2/avr5\libgcc.a(_exit.o)
 .text.libgcc.fmul
                0x00000000        0x0 c:/datasoft/7.0/toolchain/avr8/avr8-gnu-toolchain/bin/../lib/gcc/avr/4.9.2/avr5\libgcc.a(_exit.o)
 .text.libgcc.fixed
                0x00000000        0x0 c:/datasoft/7.0/toolchain/avr8/avr8-gnu-toolchain/bin/../lib/gcc/avr/4.9.2/avr5\libgcc.a(_exit.o)
 .text          0x00000000        0x0 c:/datasoft/7.0/toolchain/avr8/avr8-gnu-toolchain/bin/../lib/gcc/avr/4.9.2/avr5\libgcc.a(_copy_data.o)
 .data          0x00000000        0x0 c:/datasoft/7.0/toolchain/avr8/avr8-gnu-toolchain/bin/../lib/gcc/avr/4.9.2/avr5\libgcc.a(_copy_data.o)
 .bss           0x00000000        0x0 c:/datasoft/7.0/toolchain/avr8/avr8-gnu-toolchain/bin/../lib/gcc/avr/4.9.2/avr5\libgcc.a(_copy_data.o)
 .text.libgcc.mul
                0x00000000        0x0 c:/datasoft/7.0/toolchain/avr8/avr8-gnu-toolchain/bin/../lib/gcc/avr/4.9.2/avr5\libgcc.a(_copy_data.o)
 .text.libgcc.div
                0x00000000        0x0 c:/datasoft/7.0/toolchain/avr8/avr8-gnu-toolchain/bin/../lib/gcc/avr/4.9.2/avr5\libgcc.a(_copy_data.o)
 .text.libgcc   0x00000000        0x0 c:/datasoft/7.0/toolchain/avr8/avr8-gnu-toolchain/bin/../lib/gcc/avr/4.9.2/avr5\libgcc.a(_copy_data.o)
 .text.libgcc.prologue
                0x00000000        0x0 c:/datasoft/7.0/toolchain/avr8/avr8-gnu-toolchain/bin/../lib/gcc/avr/4.9.2/avr5\libgcc.a(_copy_data.o)
 .text.libgcc.builtins
                0x00000000        0x0 c:/datasoft/7.0/toolchain/avr8/avr8-gnu-toolchain/bin/../lib/gcc/avr/4.9.2/avr5\libgcc.a(_copy_data.o)
 .text.libgcc.fmul
                0x00000000        0x0 c:/datasoft/7.0/toolchain/avr8/avr8-gnu-toolchain/bin/../lib/gcc/avr/4.9.2/avr5\libgcc.a(_copy_data.o)
 .text.libgcc.fixed
                0x00000000        0x0 c:/datasoft/7.0/toolchain/avr8/avr8-gnu-toolchain/bin/../lib/gcc/avr/4.9.2/avr5\libgcc.a(_copy_data.o)
 .text          0x00000000        0x0 c:/datasoft/7.0/toolchain/avr8/avr8-gnu-toolchain/bin/../lib/gcc/avr/4.9.2/avr5\libgcc.a(_clear_bss.o)
 .data          0x00000000        0x0 c:/datasoft/7.0/toolchain/avr8/avr8-gnu-toolchain/bin/../lib/gcc/avr/4.9.2/avr5\libgcc.a(_clear_bss.o)
 .bss           0x00000000        0x0 c:/datasoft/7.0/toolchain/avr8/avr8-gnu-toolchain/bin/../lib/gcc/avr/4.9.2/avr5\libgcc.a(_clear_bss.o)
 .text.libgcc.mul
                0x00000000        0x0 c:/datasoft/7.0/toolchain/avr8/avr8-gnu-toolchain/bin/../lib/gcc/avr/4.9.2/avr5\libgcc.a(_clear_bss.o)
 .text.libgcc.div
                0x00000000        0x0 c:/datasoft/7.0/toolchain/avr8/avr8-gnu-toolchain/bin/../lib/gcc/avr/4.9.2/avr5\libgcc.a(_clear_bss.o)
 .text.libgcc   0x00000000        0x0 c:/datasoft/7.0/toolchain/avr8/avr8-gnu-toolchain/bin/../lib/gcc/avr/4.9.2/avr5\libgcc.a(_clear_bss.o)
 .text.libgcc.prologue
                0x00000000        0x0 c:/datasoft/7.0/toolchain/avr8/avr8-gnu-toolchain/bin/../lib/gcc/avr/4.9.2/avr5\libgcc.a(_clear_bss.o)
 .text.libgcc.builtins
                0x00000000        0x0 c:/datasoft/7.0/toolchain/avr8/avr8-gnu-toolchain/bin/../lib/gcc/avr/4.9.2/avr5\libgcc.a(_clear_bss.o)
 .text.libgcc.fmul
                0x00000000        0x0 c:/datasoft/7.0/toolchain/avr8/avr8-gnu-toolchain/bin/../lib/gcc/avr/4.9.2/avr5\libgcc.a(_clear_bss.o)
 .text.libgcc.fixed
                0x00000000        0x0 c:/datasoft/7.0/toolchain/avr8/avr8-gnu-toolchain/bin/../lib/gcc/avr/4.9.2/avr5\libgcc.a(_clear_bss.o)
 .text          0x00000000        0x0 c:/datasoft/7.0/toolchain/avr8/avr8-gnu-toolchain/bin/../lib/gcc/avr/4.9.2/avr5\libgcc.a(_ctors.o)
 .data          0x00000000        0x0 c:/datasoft/7.0/toolchain/avr8/avr8-gnu-toolchain/bin/../lib/gcc/avr/4.9.2/avr5\libgcc.a(_ctors.o)
 .bss           0x00000000        0x0 c:/datasoft/7.0/toolchain/avr8/avr8-gnu-toolchain/bin/../lib/gcc/avr/4.9.2/avr5\libgcc.a(_ctors.o)
 .text.libgcc.mul
                0x00000000        0x0 c:/datasoft/7.0/toolchain/avr8/avr8-gnu-toolchain/bin/../lib/gcc/avr/4.9.2/avr5\libgcc.a(_ctors.o)
 .text.libgcc.div
                0x00000000        0x0 c:/datasoft/7.0/toolchain/avr8/avr8-gnu-toolchain/bin/../lib/gcc/avr/4.9.2/avr5\libgcc.a(_ctors.o)
 .text.libgcc   0x00000000        0x0 c:/datasoft/7.0/toolchain/avr8/avr8-gnu-toolchain/bin/../lib/gcc/avr/4.9.2/avr5\libgcc.a(_ctors.o)
 .text.libgcc.prologue
                0x00000000        0x0 c:/datasoft/7.0/toolchain/avr8/avr8-gnu-toolchain/bin/../lib/gcc/avr/4.9.2/avr5\libgcc.a(_ctors.o)
 .text.libgcc.builtins
                0x00000000        0x0 c:/datasoft/7.0/toolchain/avr8/avr8-gnu-toolchain/bin/../lib/gcc/avr/4.9.2/avr5\libgcc.a(_ctors.o)
 .text.libgcc.fmul
                0x00000000        0x0 c:/datasoft/7.0/toolchain/avr8/avr8-gnu-toolchain/bin/../lib/gcc/avr/4.9.2/avr5\libgcc.a(_ctors.o)
 .text.libgcc.fixed
                0x00000000        0x0 c:/datasoft/7.0/toolchain/avr8/avr8-gnu-toolchain/bin/../lib/gcc/avr/4.9.2/avr5\libgcc.a(_ctors.o)
 .text          0x00000000        0x0 c:/datasoft/7.0/toolchain/avr8/avr8-gnu-toolchain/bin/../lib/gcc/avr/4.9.2/avr5\libgcc.a(_tablejump2.o)
 .data          0x00000000        0x0 c:/datasoft/7.0/toolchain/avr8/avr8-gnu-toolchain/bin/../lib/gcc/avr/4.9.2/avr5\libgcc.a(_tablejump2.o)
 .bss           0x00000000        0x0 c:/datasoft/7.0/toolchain/avr8/avr8-gnu-toolchain/bin/../lib/gcc/avr/4.9.2/avr5\libgcc.a(_tablejump2.o)
 .text.libgcc.mul
                0x00000000        0x0 c:/datasoft/7.0/toolchain/avr8/avr8-gnu-toolchain/bin/../lib/gcc/avr/4.9.2/avr5\libgcc.a(_tablejump2.o)
 .text.libgcc.div
                0x00000000        0x0 c:/datasoft/7.0/toolchain/avr8/avr8-gnu-toolchain/bin/../lib/gcc/avr/4.9.2/avr5\libgcc.a(_tablejump2.o)
 .text.libgcc.prologue
                0x00000000        0x0 c:/datasoft/7.0/toolchain/avr8/avr8-gnu-toolchain/bin/../lib/gcc/avr/4.9.2/avr5\libgcc.a(_tablejump2.o)
 .text.libgcc.builtins
                0x00000000        0x0 c:/datasoft/7.0/toolchain/avr8/avr8-gnu-toolchain/bin/../lib/gcc/avr/4.9.2/avr5\libgcc.a(_tablejump2.o)
 .text.libgcc.fmul
                0x00000000        0x0 c:/datasoft/7.0/toolchain/avr8/avr8-gnu-toolchain/bin/../lib/gcc/avr/4.9.2/avr5\libgcc.a(_tablejump2.o)
 .text.libgcc.fixed
                0x00000000        0x0 c:/datasoft/7.0/toolchain/avr8/avr8-gnu-toolchain/bin/../lib/gcc/avr/4.9.2/avr5\libgcc.a(_tablejump2.o)
 .text          0x00000000        0x0 c:/datasoft/7.0/toolchain/avr8/avr8-gnu-toolchain/bin/../lib/gcc/avr/4.9.2/../../../../avr/lib/avr5\libc.a(abort.o)
 .data          0x00000000        0x0 c:/datasoft/7.0/toolchain/avr8/avr8-gnu-toolchain/bin/../lib/gcc/avr/4.9.2/../../../../avr/lib/avr5\libc.a(abort.o)
 .bss           0x00000000        0x0 c:/datasoft/7.0/toolchain/avr8/avr8-gnu-toolchain/bin/../lib/gcc/avr/4.9.2/../../../../avr/lib/avr5\libc.a(abort.o)
 .text.avr-libc
                0x00000000        0xa c:/datasoft/7.0/toolchain/avr8/avr8-gnu-toolchain/bin/../lib/gcc/avr/4.9.2/../../../../avr/lib/avr5\libc.a(abort.o)

Memory Configuration

Name             Origin             Length             Attributes
text             0x00000000         0x00020000         xr
data             0x00800060         0x0000ffa0         rw !x
eeprom           0x00810000         0x00010000         rw !x
fuse             0x00820000         0x00000003         rw !x
lock             0x00830000         0x00000400         rw !x
signature        0x00840000         0x00000400         rw !x
user_signatures  0x00850000         0x00000400         rw !x
*default*        0x00000000         0xffffffff

Linker script and memory map

Address of section .data set to 0x800100
LOAD C:/Datasoft/7.0/Packs/atmel/ATmega_DFP/1.1.130/gcc/dev/atmega328p/avr5/crtatmega328p.o
LOAD Sketch.o
START GROUP
LOAD c:/datasoft/7.0/toolchain/avr8/avr8-gnu-toolchain/bin/../lib/gcc/avr/4.9.2/../../../../avr/lib/avr5\libm.a
LOAD C:\Users\ishrak\Documents\Atmel Studio\7.0\lcrystalarduino\lcrystalarduino\ArduinoCore\Debug\libArduinoCore.a
END GROUP
LOAD c:/datasoft/7.0/toolchain/avr8/avr8-gnu-toolchain/bin/../lib/gcc/avr/4.9.2/avr5\libgcc.a
LOAD c:/datasoft/7.0/toolchain/avr8/avr8-gnu-toolchain/bin/../lib/gcc/avr/4.9.2/../../../../avr/lib/avr5\libm.a
START GROUP
LOAD c:/datasoft/7.0/toolchain/avr8/avr8-gnu-toolchain/bin/../lib/gcc/avr/4.9.2/avr5\libgcc.a
LOAD c:/datasoft/7.0/toolchain/avr8/avr8-gnu-toolchain/bin/../lib/gcc/avr/4.9.2/../../../../avr/lib/avr5\libm.a
LOAD c:/datasoft/7.0/toolchain/avr8/avr8-gnu-toolchain/bin/../lib/gcc/avr/4.9.2/../../../../avr/lib/avr5\libc.a
LOAD C:/Datasoft/7.0/Packs/atmel/ATmega_DFP/1.1.130/gcc/dev/atmega328p/avr5\libatmega328p.a
END GROUP
                0x00020000                __TEXT_REGION_LENGTH__ = DEFINED (__TEXT_REGION_LENGTH__)?__TEXT_REGION_LENGTH__:0x20000
                0x0000ffa0                __DATA_REGION_LENGTH__ = DEFINED (__DATA_REGION_LENGTH__)?__DATA_REGION_LENGTH__:0xffa0
                0x00010000                __EEPROM_REGION_LENGTH__ = DEFINED (__EEPROM_REGION_LENGTH__)?__EEPROM_REGION_LENGTH__:0x10000
                [0x00000003]                __FUSE_REGION_LENGTH__ = DEFINED (__FUSE_REGION_LENGTH__)?__FUSE_REGION_LENGTH__:0x400
                0x00000400                __LOCK_REGION_LENGTH__ = DEFINED (__LOCK_REGION_LENGTH__)?__LOCK_REGION_LENGTH__:0x400
                0x00000400                __SIGNATURE_REGION_LENGTH__ = DEFINED (__SIGNATURE_REGION_LENGTH__)?__SIGNATURE_REGION_LENGTH__:0x400
                0x00000400                __USER_SIGNATURE_REGION_LENGTH__ = DEFINED (__USER_SIGNATURE_REGION_LENGTH__)?__USER_SIGNATURE_REGION_LENGTH__:0x400

.hash
 *(.hash)

.dynsym
 *(.dynsym)

.dynstr
 *(.dynstr)

.gnu.version
 *(.gnu.version)

.gnu.version_d
 *(.gnu.version_d)

.gnu.version_r
 *(.gnu.version_r)

.rel.init
 *(.rel.init)

.rela.init
 *(.rela.init)

.rel.text
 *(.rel.text)
 *(.rel.text.*)
 *(.rel.gnu.linkonce.t*)

.rela.text
 *(.rela.text)
 *(.rela.text.*)
 *(.rela.gnu.linkonce.t*)

.rel.fini
 *(.rel.fini)

.rela.fini
 *(.rela.fini)

.rel.rodata
 *(.rel.rodata)
 *(.rel.rodata.*)
 *(.rel.gnu.linkonce.r*)

.rela.rodata
 *(.rela.rodata)
 *(.rela.rodata.*)
 *(.rela.gnu.linkonce.r*)

.rel.data
 *(.rel.data)
 *(.rel.data.*)
 *(.rel.gnu.linkonce.d*)

.rela.data
 *(.rela.data)
 *(.rela.data.*)
 *(.rela.gnu.linkonce.d*)

.rel.ctors
 *(.rel.ctors)

.rela.ctors
 *(.rela.ctors)

.rel.dtors
 *(.rel.dtors)

.rela.dtors
 *(.rela.dtors)

.rel.got
 *(.rel.got)

.rela.got
 *(.rela.got)

.rel.bss
 *(.rel.bss)

.rela.bss
 *(.rela.bss)

.rel.plt
 *(.rel.plt)

.rela.plt
 *(.rela.plt)

.text           0x00000000      0x858
 *(.vectors)
 .vectors       0x00000000       0x68 C:/Datasoft/7.0/Packs/atmel/ATmega_DFP/1.1.130/gcc/dev/atmega328p/avr5/crtatmega328p.o
                0x00000000                __vector_default
                0x00000000                __vectors
 *(.vectors)
 *(.progmem.gcc*)
                0x00000068                . = ALIGN (0x2)
                0x00000068                __trampolines_start = .
 *(.trampolines)
 .trampolines   0x00000068        0x0 linker stubs
 *(.trampolines*)
                0x00000068                __trampolines_end = .
 *libprintf_flt.a:*(.progmem.data)
 *libc.a:*(.progmem.data)
 *(.progmem*)
 .progmem.data.digital_pin_to_timer_PGM
                0x00000068       0x14 C:\Users\ishrak\Documents\Atmel Studio\7.0\lcrystalarduino\lcrystalarduino\ArduinoCore\Debug\libArduinoCore.a(wiring_digital.o)
                0x00000068                digital_pin_to_timer_PGM
 .progmem.data.digital_pin_to_bit_mask_PGM
                0x0000007c       0x14 C:\Users\ishrak\Documents\Atmel Studio\7.0\lcrystalarduino\lcrystalarduino\ArduinoCore\Debug\libArduinoCore.a(wiring_digital.o)
                0x0000007c                digital_pin_to_bit_mask_PGM
 .progmem.data.digital_pin_to_port_PGM
                0x00000090       0x14 C:\Users\ishrak\Documents\Atmel Studio\7.0\lcrystalarduino\lcrystalarduino\ArduinoCore\Debug\libArduinoCore.a(wiring_digital.o)
                0x00000090                digital_pin_to_port_PGM
 .progmem.data.port_to_output_PGM
                0x000000a4        0xa C:\Users\ishrak\Documents\Atmel Studio\7.0\lcrystalarduino\lcrystalarduino\ArduinoCore\Debug\libArduinoCore.a(wiring_digital.o)
                0x000000a4                port_to_output_PGM
 .progmem.data.port_to_mode_PGM
                0x000000ae        0xa C:\Users\ishrak\Documents\Atmel Studio\7.0\lcrystalarduino\lcrystalarduino\ArduinoCore\Debug\libArduinoCore.a(wiring_digital.o)
                0x000000ae                port_to_mode_PGM
                0x000000b8                . = ALIGN (0x2)
 *(.jumptables)
 *(.jumptables*)
 *(.lowtext)
 *(.lowtext*)
                0x000000b8                __ctors_start = .
 *(.ctors)
 .ctors         0x000000b8        0x2 Sketch.o
                0x000000ba                __ctors_end = .
                0x000000ba                __dtors_start = .
 *(.dtors)
                0x000000ba                __dtors_end = .
 SORT(*)(.ctors)
 SORT(*)(.dtors)
 *(.init0)
 .init0         0x000000ba        0x0 C:/Datasoft/7.0/Packs/atmel/ATmega_DFP/1.1.130/gcc/dev/atmega328p/avr5/crtatmega328p.o
                0x000000ba                __init
 *(.init0)
 *(.init1)
 *(.init1)
 *(.init2)
 .init2         0x000000ba        0xc C:/Datasoft/7.0/Packs/atmel/ATmega_DFP/1.1.130/gcc/dev/atmega328p/avr5/crtatmega328p.o
 *(.init2)
 *(.init3)
 *(.init3)
 *(.init4)
 .init4         0x000000c6       0x16 c:/datasoft/7.0/toolchain/avr8/avr8-gnu-toolchain/bin/../lib/gcc/avr/4.9.2/avr5\libgcc.a(_copy_data.o)
                0x000000c6                __do_copy_data
 .init4         0x000000dc       0x10 c:/datasoft/7.0/toolchain/avr8/avr8-gnu-toolchain/bin/../lib/gcc/avr/4.9.2/avr5\libgcc.a(_clear_bss.o)
                0x000000dc                __do_clear_bss
 *(.init4)
 *(.init5)
 *(.init5)
 *(.init6)
 .init6         0x000000ec       0x16 c:/datasoft/7.0/toolchain/avr8/avr8-gnu-toolchain/bin/../lib/gcc/avr/4.9.2/avr5\libgcc.a(_ctors.o)
                0x000000ec                __do_global_ctors
 *(.init6)
 *(.init7)
 *(.init7)
 *(.init8)
 *(.init8)
 *(.init9)
 .init9         0x00000102        0x8 C:/Datasoft/7.0/Packs/atmel/ATmega_DFP/1.1.130/gcc/dev/atmega328p/avr5/crtatmega328p.o
 *(.init9)
 *(.text)
 .text          0x0000010a        0x4 C:/Datasoft/7.0/Packs/atmel/ATmega_DFP/1.1.130/gcc/dev/atmega328p/avr5/crtatmega328p.o
                0x0000010a                __vector_22
                0x0000010a                __vector_1
                0x0000010a                __vector_24
                0x0000010a                __vector_12
                0x0000010a                __bad_interrupt
                0x0000010a                __vector_6
                0x0000010a                __vector_3
                0x0000010a                __vector_23
                0x0000010a                __vector_25
                0x0000010a                __vector_11
                0x0000010a                __vector_13
                0x0000010a                __vector_17
                0x0000010a                __vector_19
                0x0000010a                __vector_7
                0x0000010a                __vector_5
                0x0000010a                __vector_4
                0x0000010a                __vector_9
                0x0000010a                __vector_2
                0x0000010a                __vector_21
                0x0000010a                __vector_15
                0x0000010a                __vector_8
                0x0000010a                __vector_14
                0x0000010a                __vector_10
                0x0000010a                __vector_18
                0x0000010a                __vector_20
                0x0000010e                . = ALIGN (0x2)
 *(.text.*)
 .text.setup    0x0000010e       0x1a Sketch.o
                0x0000010e                setup
 .text.loop     0x00000128       0x28 Sketch.o
                0x00000128                loop
 .text.startup._GLOBAL__sub_I_lcd
                0x00000150       0x26 Sketch.o
 .text.initVariant
                0x00000176        0x2 C:\Users\ishrak\Documents\Atmel Studio\7.0\lcrystalarduino\lcrystalarduino\ArduinoCore\Debug\libArduinoCore.a(main.o)
                0x00000176                initVariant
 .text.startup.main
                0x00000178       0x1e C:\Users\ishrak\Documents\Atmel Studio\7.0\lcrystalarduino\lcrystalarduino\ArduinoCore\Debug\libArduinoCore.a(main.o)
                0x00000178                main
 .text._ZN5Print17availableForWriteEv
                0x00000196        0x6 C:\Users\ishrak\Documents\Atmel Studio\7.0\lcrystalarduino\lcrystalarduino\ArduinoCore\Debug\libArduinoCore.a(Print.o)
                0x00000196                _ZN5Print17availableForWriteEv
 .text._ZN5Print5flushEv
                0x0000019c        0x2 C:\Users\ishrak\Documents\Atmel Studio\7.0\lcrystalarduino\lcrystalarduino\ArduinoCore\Debug\libArduinoCore.a(Print.o)
                0x0000019c                _ZN5Print5flushEv
 .text._ZN5Print5writeEPKhj
                0x0000019e       0x56 C:\Users\ishrak\Documents\Atmel Studio\7.0\lcrystalarduino\lcrystalarduino\ArduinoCore\Debug\libArduinoCore.a(Print.o)
                0x0000019e                _ZN5Print5writeEPKhj
 .text._ZN5Print5writeEPKc
                0x000001f4       0x2a C:\Users\ishrak\Documents\Atmel Studio\7.0\lcrystalarduino\lcrystalarduino\ArduinoCore\Debug\libArduinoCore.a(Print.o)
                0x000001f4                _ZN5Print5writeEPKc
 .text._ZN5Print5printEPKc
                0x0000021e        0x4 C:\Users\ishrak\Documents\Atmel Studio\7.0\lcrystalarduino\lcrystalarduino\ArduinoCore\Debug\libArduinoCore.a(Print.o)
                0x0000021e                _ZN5Print5printEPKc
 .text.__vector_16
                0x00000222       0x94 C:\Users\ishrak\Documents\Atmel Studio\7.0\lcrystalarduino\lcrystalarduino\ArduinoCore\Debug\libArduinoCore.a(wiring.o)
                0x00000222                __vector_16
 .text.micros   0x000002b6       0x4a C:\Users\ishrak\Documents\Atmel Studio\7.0\lcrystalarduino\lcrystalarduino\ArduinoCore\Debug\libArduinoCore.a(wiring.o)
                0x000002b6                micros
 .text.delay    0x00000300       0x78 C:\Users\ishrak\Documents\Atmel Studio\7.0\lcrystalarduino\lcrystalarduino\ArduinoCore\Debug\libArduinoCore.a(wiring.o)
                0x00000300                delay
 .text.delayMicroseconds
                0x00000378       0x16 C:\Users\ishrak\Documents\Atmel Studio\7.0\lcrystalarduino\lcrystalarduino\ArduinoCore\Debug\libArduinoCore.a(wiring.o)
                0x00000378                delayMicroseconds
 .text.init     0x0000038e       0x76 C:\Users\ishrak\Documents\Atmel Studio\7.0\lcrystalarduino\lcrystalarduino\ArduinoCore\Debug\libArduinoCore.a(wiring.o)
                0x0000038e                init
 .text._ZN13LiquidCrystal11pulseEnableEv
                0x00000404       0x3a C:\Users\ishrak\Documents\Atmel Studio\7.0\lcrystalarduino\lcrystalarduino\ArduinoCore\Debug\libArduinoCore.a(LiquidCrystal.o)
                0x00000404                _ZN13LiquidCrystal11pulseEnableEv
 .text._ZN13LiquidCrystal10write4bitsEh
                0x0000043e       0x5a C:\Users\ishrak\Documents\Atmel Studio\7.0\lcrystalarduino\lcrystalarduino\ArduinoCore\Debug\libArduinoCore.a(LiquidCrystal.o)
                0x0000043e                _ZN13LiquidCrystal10write4bitsEh
 .text._ZN13LiquidCrystal10write8bitsEh
                0x00000498       0x5a C:\Users\ishrak\Documents\Atmel Studio\7.0\lcrystalarduino\lcrystalarduino\ArduinoCore\Debug\libArduinoCore.a(LiquidCrystal.o)
                0x00000498                _ZN13LiquidCrystal10write8bitsEh
 .text._ZN13LiquidCrystal4sendEhh
                0x000004f2       0x52 C:\Users\ishrak\Documents\Atmel Studio\7.0\lcrystalarduino\lcrystalarduino\ArduinoCore\Debug\libArduinoCore.a(LiquidCrystal.o)
                0x000004f2                _ZN13LiquidCrystal4sendEhh
 .text._ZN13LiquidCrystal7commandEh
                0x00000544        0x6 C:\Users\ishrak\Documents\Atmel Studio\7.0\lcrystalarduino\lcrystalarduino\ArduinoCore\Debug\libArduinoCore.a(LiquidCrystal.o)
                0x00000544                _ZN13LiquidCrystal7commandEh
 .text._ZN13LiquidCrystal5clearEv
                0x0000054a        0xe C:\Users\ishrak\Documents\Atmel Studio\7.0\lcrystalarduino\lcrystalarduino\ArduinoCore\Debug\libArduinoCore.a(LiquidCrystal.o)
                0x0000054a                _ZN13LiquidCrystal5clearEv
 .text._ZN13LiquidCrystal7displayEv
                0x00000558       0x10 C:\Users\ishrak\Documents\Atmel Studio\7.0\lcrystalarduino\lcrystalarduino\ArduinoCore\Debug\libArduinoCore.a(LiquidCrystal.o)
                0x00000558                _ZN13LiquidCrystal7displayEv
 .text._ZN13LiquidCrystal5beginEhhh
                0x00000568      0x14a C:\Users\ishrak\Documents\Atmel Studio\7.0\lcrystalarduino\lcrystalarduino\ArduinoCore\Debug\libArduinoCore.a(LiquidCrystal.o)
                0x00000568                _ZN13LiquidCrystal5beginEhhh
 .text._ZN13LiquidCrystalC2Ehhhhhh
                0x000006b2       0x40 C:\Users\ishrak\Documents\Atmel Studio\7.0\lcrystalarduino\lcrystalarduino\ArduinoCore\Debug\libArduinoCore.a(LiquidCrystal.o)
                0x000006b2                _ZN13LiquidCrystalC1Ehhhhhh
                0x000006b2                _ZN13LiquidCrystalC2Ehhhhhh
 .text._ZN13LiquidCrystal7noBlinkEv
                0x000006f2        0xe C:\Users\ishrak\Documents\Atmel Studio\7.0\lcrystalarduino\lcrystalarduino\ArduinoCore\Debug\libArduinoCore.a(LiquidCrystal.o)
                0x000006f2                _ZN13LiquidCrystal7noBlinkEv
 .text._ZN13LiquidCrystal5blinkEv
                0x00000700       0x10 C:\Users\ishrak\Documents\Atmel Studio\7.0\lcrystalarduino\lcrystalarduino\ArduinoCore\Debug\libArduinoCore.a(LiquidCrystal.o)
                0x00000700                _ZN13LiquidCrystal5blinkEv
 .text._ZN13LiquidCrystal5writeEh
                0x00000710        0xc C:\Users\ishrak\Documents\Atmel Studio\7.0\lcrystalarduino\lcrystalarduino\ArduinoCore\Debug\libArduinoCore.a(LiquidCrystal.o)
                0x00000710                _ZN13LiquidCrystal5writeEh
 .text.__empty  0x0000071c        0x2 C:\Users\ishrak\Documents\Atmel Studio\7.0\lcrystalarduino\lcrystalarduino\ArduinoCore\Debug\libArduinoCore.a(hooks.o)
                0x0000071c                yield
 .text.turnOffPWM
                0x0000071e       0x52 C:\Users\ishrak\Documents\Atmel Studio\7.0\lcrystalarduino\lcrystalarduino\ArduinoCore\Debug\libArduinoCore.a(wiring_digital.o)
 .text.pinMode  0x00000770       0x78 C:\Users\ishrak\Documents\Atmel Studio\7.0\lcrystalarduino\lcrystalarduino\ArduinoCore\Debug\libArduinoCore.a(wiring_digital.o)
                0x00000770                pinMode
 .text.digitalWrite
                0x000007e8       0x60 C:\Users\ishrak\Documents\Atmel Studio\7.0\lcrystalarduino\lcrystalarduino\ArduinoCore\Debug\libArduinoCore.a(wiring_digital.o)
                0x000007e8                digitalWrite
 .text.libgcc   0x00000848        0xc c:/datasoft/7.0/toolchain/avr8/avr8-gnu-toolchain/bin/../lib/gcc/avr/4.9.2/avr5\libgcc.a(_tablejump2.o)
                0x00000848                __tablejump2__
                0x00000854                . = ALIGN (0x2)
 *(.fini9)
 .fini9         0x00000854        0x0 c:/datasoft/7.0/toolchain/avr8/avr8-gnu-toolchain/bin/../lib/gcc/avr/4.9.2/avr5\libgcc.a(_exit.o)
                0x00000854                _exit
                0x00000854                exit
 *(.fini9)
 *(.fini8)
 *(.fini8)
 *(.fini7)
 *(.fini7)
 *(.fini6)
 *(.fini6)
 *(.fini5)
 *(.fini5)
 *(.fini4)
 *(.fini4)
 *(.fini3)
 *(.fini3)
 *(.fini2)
 *(.fini2)
 *(.fini1)
 *(.fini1)
 *(.fini0)
 .fini0         0x00000854        0x4 c:/datasoft/7.0/toolchain/avr8/avr8-gnu-toolchain/bin/../lib/gcc/avr/4.9.2/avr5\libgcc.a(_exit.o)
 *(.fini0)
                0x00000858                _etext = .

.data           0x00800100       0x1a load address 0x00000858
                0x00800100                PROVIDE (__data_start, .)
 *(.data)
 *(.data*)
 *(.rodata)
 *(.rodata*)
 .rodata.str1.1
                0x00800100        0xe Sketch.o
 .rodata._ZTV13LiquidCrystal
                0x0080010e        0xc C:\Users\ishrak\Documents\Atmel Studio\7.0\lcrystalarduino\lcrystalarduino\ArduinoCore\Debug\libArduinoCore.a(LiquidCrystal.o)
                0x0080010e                _ZTV13LiquidCrystal
 *(.gnu.linkonce.d*)
                0x0080011a                . = ALIGN (0x2)
                0x0080011a                _edata = .
                0x0080011a                PROVIDE (__data_end, .)

.bss            0x0080011a       0x21
                0x0080011a                PROVIDE (__bss_start, .)
 *(.bss)
 *(.bss*)
 .bss.lcd       0x0080011a       0x18 Sketch.o
                0x0080011a                lcd
 .bss.timer0_fract
                0x00800132        0x1 C:\Users\ishrak\Documents\Atmel Studio\7.0\lcrystalarduino\lcrystalarduino\ArduinoCore\Debug\libArduinoCore.a(wiring.o)
 .bss.timer0_millis
                0x00800133        0x4 C:\Users\ishrak\Documents\Atmel Studio\7.0\lcrystalarduino\lcrystalarduino\ArduinoCore\Debug\libArduinoCore.a(wiring.o)
                0x00800133                timer0_millis
 .bss.timer0_overflow_count
                0x00800137        0x4 C:\Users\ishrak\Documents\Atmel Studio\7.0\lcrystalarduino\lcrystalarduino\ArduinoCore\Debug\libArduinoCore.a(wiring.o)
                0x00800137                timer0_overflow_count
 *(COMMON)
                0x0080013b                PROVIDE (__bss_end, .)
                0x00000858                __data_load_start = LOADADDR (.data)
                0x00000872                __data_load_end = (__data_load_start + SIZEOF (.data))

.noinit         0x0080013b        0x0
                [!provide]                PROVIDE (__noinit_start, .)
 *(.noinit*)
                [!provide]                PROVIDE (__noinit_end, .)
                0x0080013b                _end = .
                [!provide]                PROVIDE (__heap_start, .)

.eeprom         0x00810000        0x0
 *(.eeprom*)
                0x00810000                __eeprom_end = .

.fuse
 *(.fuse)
 *(.lfuse)
 *(.hfuse)
 *(.efuse)

.lock
 *(.lock*)

.signature
 *(.signature*)

.user_signatures
 *(.user_signatures*)

.stab
 *(.stab)

.stabstr
 *(.stabstr)

.stab.excl
 *(.stab.excl)

.stab.exclstr
 *(.stab.exclstr)

.stab.index
 *(.stab.index)

.stab.indexstr
 *(.stab.indexstr)

.comment        0x00000000       0x30
 *(.comment)
 .comment       0x00000000       0x30 Sketch.o
                                 0x31 (size before relaxing)
 .comment       0x00000030       0x31 C:\Users\ishrak\Documents\Atmel Studio\7.0\lcrystalarduino\lcrystalarduino\ArduinoCore\Debug\libArduinoCore.a(main.o)
 .comment       0x00000030       0x31 C:\Users\ishrak\Documents\Atmel Studio\7.0\lcrystalarduino\lcrystalarduino\ArduinoCore\Debug\libArduinoCore.a(Print.o)
 .comment       0x00000030       0x31 C:\Users\ishrak\Documents\Atmel Studio\7.0\lcrystalarduino\lcrystalarduino\ArduinoCore\Debug\libArduinoCore.a(wiring.o)
 .comment       0x00000030       0x31 C:\Users\ishrak\Documents\Atmel Studio\7.0\lcrystalarduino\lcrystalarduino\ArduinoCore\Debug\libArduinoCore.a(LiquidCrystal.o)
 .comment       0x00000030       0x31 C:\Users\ishrak\Documents\Atmel Studio\7.0\lcrystalarduino\lcrystalarduino\ArduinoCore\Debug\libArduinoCore.a(hooks.o)
 .comment       0x00000030       0x31 C:\Users\ishrak\Documents\Atmel Studio\7.0\lcrystalarduino\lcrystalarduino\ArduinoCore\Debug\libArduinoCore.a(wiring_digital.o)

.note.gnu.avr.deviceinfo
                0x00000000       0x40
 .note.gnu.avr.deviceinfo
                0x00000000       0x40 C:/Datasoft/7.0/Packs/atmel/ATmega_DFP/1.1.130/gcc/dev/atmega328p/avr5/crtatmega328p.o

.note.gnu.build-id
 *(.note.gnu.build-id)

.debug
 *(.debug)

.line
 *(.line)

.debug_srcinfo
 *(.debug_srcinfo)

.debug_sfnames
 *(.debug_sfnames)

.debug_aranges  0x00000000      0x318
 *(.debug_aranges)
 .debug_aranges
                0x00000000       0x30 Sketch.o
 .debug_aranges
                0x00000030       0x38 C:\Users\ishrak\Documents\Atmel Studio\7.0\lcrystalarduino\lcrystalarduino\ArduinoCore\Debug\libArduinoCore.a(main.o)
 .debug_aranges
                0x00000068      0x100 C:\Users\ishrak\Documents\Atmel Studio\7.0\lcrystalarduino\lcrystalarduino\ArduinoCore\Debug\libArduinoCore.a(Print.o)
 .debug_aranges
                0x00000168       0x48 C:\Users\ishrak\Documents\Atmel Studio\7.0\lcrystalarduino\lcrystalarduino\ArduinoCore\Debug\libArduinoCore.a(wiring.o)
 .debug_aranges
                0x000001b0      0x110 C:\Users\ishrak\Documents\Atmel Studio\7.0\lcrystalarduino\lcrystalarduino\ArduinoCore\Debug\libArduinoCore.a(LiquidCrystal.o)
 .debug_aranges
                0x000002c0       0x20 C:\Users\ishrak\Documents\Atmel Studio\7.0\lcrystalarduino\lcrystalarduino\ArduinoCore\Debug\libArduinoCore.a(hooks.o)
 .debug_aranges
                0x000002e0       0x38 C:\Users\ishrak\Documents\Atmel Studio\7.0\lcrystalarduino\lcrystalarduino\ArduinoCore\Debug\libArduinoCore.a(wiring_digital.o)

.debug_pubnames
 *(.debug_pubnames)

.debug_info     0x00000000     0x5baf
 *(.debug_info .gnu.linkonce.wi.*)
 .debug_info    0x00000000      0x5f4 C:/Datasoft/7.0/Packs/atmel/ATmega_DFP/1.1.130/gcc/dev/atmega328p/avr5/crtatmega328p.o
 .debug_info    0x000005f4      0x436 Sketch.o
 .debug_info    0x00000a2a      0x231 C:\Users\ishrak\Documents\Atmel Studio\7.0\lcrystalarduino\lcrystalarduino\ArduinoCore\Debug\libArduinoCore.a(main.o)
 .debug_info    0x00000c5b     0x2a7c C:\Users\ishrak\Documents\Atmel Studio\7.0\lcrystalarduino\lcrystalarduino\ArduinoCore\Debug\libArduinoCore.a(Print.o)
 .debug_info    0x000036d7      0x2c8 C:\Users\ishrak\Documents\Atmel Studio\7.0\lcrystalarduino\lcrystalarduino\ArduinoCore\Debug\libArduinoCore.a(wiring.o)
 .debug_info    0x0000399f     0x1bd9 C:\Users\ishrak\Documents\Atmel Studio\7.0\lcrystalarduino\lcrystalarduino\ArduinoCore\Debug\libArduinoCore.a(LiquidCrystal.o)
 .debug_info    0x00005578       0x3e C:\Users\ishrak\Documents\Atmel Studio\7.0\lcrystalarduino\lcrystalarduino\ArduinoCore\Debug\libArduinoCore.a(hooks.o)
 .debug_info    0x000055b6      0x5f9 C:\Users\ishrak\Documents\Atmel Studio\7.0\lcrystalarduino\lcrystalarduino\ArduinoCore\Debug\libArduinoCore.a(wiring_digital.o)

.debug_abbrev   0x00000000     0x1363
 *(.debug_abbrev)
 .debug_abbrev  0x00000000      0x5a2 C:/Datasoft/7.0/Packs/atmel/ATmega_DFP/1.1.130/gcc/dev/atmega328p/avr5/crtatmega328p.o
 .debug_abbrev  0x000005a2      0x1bb Sketch.o
 .debug_abbrev  0x0000075d      0x109 C:\Users\ishrak\Documents\Atmel Studio\7.0\lcrystalarduino\lcrystalarduino\ArduinoCore\Debug\libArduinoCore.a(main.o)
 .debug_abbrev  0x00000866      0x498 C:\Users\ishrak\Documents\Atmel Studio\7.0\lcrystalarduino\lcrystalarduino\ArduinoCore\Debug\libArduinoCore.a(Print.o)
 .debug_abbrev  0x00000cfe      0x145 C:\Users\ishrak\Documents\Atmel Studio\7.0\lcrystalarduino\lcrystalarduino\ArduinoCore\Debug\libArduinoCore.a(wiring.o)
 .debug_abbrev  0x00000e43      0x39b C:\Users\ishrak\Documents\Atmel Studio\7.0\lcrystalarduino\lcrystalarduino\ArduinoCore\Debug\libArduinoCore.a(LiquidCrystal.o)
 .debug_abbrev  0x000011de       0x2a C:\Users\ishrak\Documents\Atmel Studio\7.0\lcrystalarduino\lcrystalarduino\ArduinoCore\Debug\libArduinoCore.a(hooks.o)
 .debug_abbrev  0x00001208      0x15b C:\Users\ishrak\Documents\Atmel Studio\7.0\lcrystalarduino\lcrystalarduino\ArduinoCore\Debug\libArduinoCore.a(wiring_digital.o)

.debug_line     0x00000000     0x18f7
 *(.debug_line .debug_line.* .debug_line_end)
 .debug_line    0x00000000      0x133 C:/Datasoft/7.0/Packs/atmel/ATmega_DFP/1.1.130/gcc/dev/atmega328p/avr5/crtatmega328p.o
 .debug_line    0x00000133      0x1fa Sketch.o
 .debug_line    0x0000032d      0x15d C:\Users\ishrak\Documents\Atmel Studio\7.0\lcrystalarduino\lcrystalarduino\ArduinoCore\Debug\libArduinoCore.a(main.o)
 .debug_line    0x0000048a      0x66b C:\Users\ishrak\Documents\Atmel Studio\7.0\lcrystalarduino\lcrystalarduino\ArduinoCore\Debug\libArduinoCore.a(Print.o)
 .debug_line    0x00000af5      0x281 C:\Users\ishrak\Documents\Atmel Studio\7.0\lcrystalarduino\lcrystalarduino\ArduinoCore\Debug\libArduinoCore.a(wiring.o)
 .debug_line    0x00000d76      0x906 C:\Users\ishrak\Documents\Atmel Studio\7.0\lcrystalarduino\lcrystalarduino\ArduinoCore\Debug\libArduinoCore.a(LiquidCrystal.o)
 .debug_line    0x0000167c       0x41 C:\Users\ishrak\Documents\Atmel Studio\7.0\lcrystalarduino\lcrystalarduino\ArduinoCore\Debug\libArduinoCore.a(hooks.o)
 .debug_line    0x000016bd      0x23a C:\Users\ishrak\Documents\Atmel Studio\7.0\lcrystalarduino\lcrystalarduino\ArduinoCore\Debug\libArduinoCore.a(wiring_digital.o)

.debug_frame    0x00000000      0x92c
 *(.debug_frame)
 .debug_frame   0x00000000       0x54 Sketch.o
 .debug_frame   0x00000054       0x54 C:\Users\ishrak\Documents\Atmel Studio\7.0\lcrystalarduino\lcrystalarduino\ArduinoCore\Debug\libArduinoCore.a(main.o)
 .debug_frame   0x000000a8      0x3bc C:\Users\ishrak\Documents\Atmel Studio\7.0\lcrystalarduino\lcrystalarduino\ArduinoCore\Debug\libArduinoCore.a(Print.o)
 .debug_frame   0x00000464       0xc4 C:\Users\ishrak\Documents\Atmel Studio\7.0\lcrystalarduino\lcrystalarduino\ArduinoCore\Debug\libArduinoCore.a(wiring.o)
 .debug_frame   0x00000528      0x364 C:\Users\ishrak\Documents\Atmel Studio\7.0\lcrystalarduino\lcrystalarduino\ArduinoCore\Debug\libArduinoCore.a(LiquidCrystal.o)
 .debug_frame   0x0000088c       0x24 C:\Users\ishrak\Documents\Atmel Studio\7.0\lcrystalarduino\lcrystalarduino\ArduinoCore\Debug\libArduinoCore.a(hooks.o)
 .debug_frame   0x000008b0       0x7c C:\Users\ishrak\Documents\Atmel Studio\7.0\lcrystalarduino\lcrystalarduino\ArduinoCore\Debug\libArduinoCore.a(wiring_digital.o)

.debug_str      0x00000000     0x1a82
 *(.debug_str)
 .debug_str     0x00000000      0x208 C:/Datasoft/7.0/Packs/atmel/ATmega_DFP/1.1.130/gcc/dev/atmega328p/avr5/crtatmega328p.o
 .debug_str     0x00000208      0x33d Sketch.o
                                0x383 (size before relaxing)
 .debug_str     0x00000545       0xc8 C:\Users\ishrak\Documents\Atmel Studio\7.0\lcrystalarduino\lcrystalarduino\ArduinoCore\Debug\libArduinoCore.a(main.o)
                                0x2c6 (size before relaxing)
 .debug_str     0x0000060d      0xd11 C:\Users\ishrak\Documents\Atmel Studio\7.0\lcrystalarduino\lcrystalarduino\ArduinoCore\Debug\libArduinoCore.a(Print.o)
                               0x1000 (size before relaxing)
 .debug_str     0x0000131e      0x15a C:\Users\ishrak\Documents\Atmel Studio\7.0\lcrystalarduino\lcrystalarduino\ArduinoCore\Debug\libArduinoCore.a(wiring.o)
                                0x250 (size before relaxing)
 .debug_str     0x00001478      0x52c C:\Users\ishrak\Documents\Atmel Studio\7.0\lcrystalarduino\lcrystalarduino\ArduinoCore\Debug\libArduinoCore.a(LiquidCrystal.o)
                                0x894 (size before relaxing)
 .debug_str     0x000019a4       0x1c C:\Users\ishrak\Documents\Atmel Studio\7.0\lcrystalarduino\lcrystalarduino\ArduinoCore\Debug\libArduinoCore.a(hooks.o)
                                0x145 (size before relaxing)
 .debug_str     0x000019c0       0xc2 C:\Users\ishrak\Documents\Atmel Studio\7.0\lcrystalarduino\lcrystalarduino\ArduinoCore\Debug\libArduinoCore.a(wiring_digital.o)
                                0x2b5 (size before relaxing)

.debug_loc      0x00000000     0x4297
 *(.debug_loc)
 .debug_loc     0x00000000       0x3c Sketch.o
 .debug_loc     0x0000003c     0x1f1c C:\Users\ishrak\Documents\Atmel Studio\7.0\lcrystalarduino\lcrystalarduino\ArduinoCore\Debug\libArduinoCore.a(Print.o)
 .debug_loc     0x00001f58      0x269 C:\Users\ishrak\Documents\Atmel Studio\7.0\lcrystalarduino\lcrystalarduino\ArduinoCore\Debug\libArduinoCore.a(wiring.o)
 .debug_loc     0x000021c1     0x1af3 C:\Users\ishrak\Documents\Atmel Studio\7.0\lcrystalarduino\lcrystalarduino\ArduinoCore\Debug\libArduinoCore.a(LiquidCrystal.o)
 .debug_loc     0x00003cb4      0x5e3 C:\Users\ishrak\Documents\Atmel Studio\7.0\lcrystalarduino\lcrystalarduino\ArduinoCore\Debug\libArduinoCore.a(wiring_digital.o)

.debug_macinfo
 *(.debug_macinfo)

.debug_weaknames
 *(.debug_weaknames)

.debug_funcnames
 *(.debug_funcnames)

.debug_typenames
 *(.debug_typenames)

.debug_varnames
 *(.debug_varnames)

.debug_pubtypes
 *(.debug_pubtypes)

.debug_ranges   0x00000000      0x380
 *(.debug_ranges)
 .debug_ranges  0x00000000       0x20 Sketch.o
 .debug_ranges  0x00000020       0x28 C:\Users\ishrak\Documents\Atmel Studio\7.0\lcrystalarduino\lcrystalarduino\ArduinoCore\Debug\libArduinoCore.a(main.o)
 .debug_ranges  0x00000048      0x138 C:\Users\ishrak\Documents\Atmel Studio\7.0\lcrystalarduino\lcrystalarduino\ArduinoCore\Debug\libArduinoCore.a(Print.o)
 .debug_ranges  0x00000180       0x38 C:\Users\ishrak\Documents\Atmel Studio\7.0\lcrystalarduino\lcrystalarduino\ArduinoCore\Debug\libArduinoCore.a(wiring.o)
 .debug_ranges  0x000001b8      0x190 C:\Users\ishrak\Documents\Atmel Studio\7.0\lcrystalarduino\lcrystalarduino\ArduinoCore\Debug\libArduinoCore.a(LiquidCrystal.o)
 .debug_ranges  0x00000348       0x10 C:\Users\ishrak\Documents\Atmel Studio\7.0\lcrystalarduino\lcrystalarduino\ArduinoCore\Debug\libArduinoCore.a(hooks.o)
 .debug_ranges  0x00000358       0x28 C:\Users\ishrak\Documents\Atmel Studio\7.0\lcrystalarduino\lcrystalarduino\ArduinoCore\Debug\libArduinoCore.a(wiring_digital.o)

.debug_macro
 *(.debug_macro)
OUTPUT(liquidcrystal.elf elf32-avr)
LOAD linker stubs
